{
'project:custom/common/case/case.css':[
3,
4,
5,
7,
9,
11,
14,
17,
20,
23,
26,
29,
32,
33,
],
'project:custom/common/deprecated-system-color/deprecatedSystemColor.css':[
7,
9,
],
'project:custom/common/do-not-use-shorthand-properties/doNotUseShorthandProperties.css':[
6,
7,
],
'project:custom/common/duplicated-properties/duplicatedProperties.css':[
23,
24,
25,
38,
],
'project:custom/common/emptyRule.css':[
51,
],
'project:custom/common/experimental-atrule-usage/experimentalAtRuleUsage.css':[
2,
47,
],
'project:custom/common/experimental-property-usage/experimentalPropertyUsage.css':[
21,
],
'project:custom/common/gradientdefinition.css':[
31,
],
'project:custom/common/obsoleteProperties.css':[
3,
5,
],
'project:custom/common/properties/css/animation.css':[
15,
20,
],
'project:custom/common/properties/css/background-color.css':[
6,
8,
9,
10,
],
'project:custom/common/properties/css/border-bottom.css':[
16,
],
'project:custom/common/properties/css/caret-color.css':[
6,
8,
9,
10,
],
'project:custom/common/properties/css/color.css':[
6,
8,
10,
12,
13,
14,
],
'project:custom/common/properties/css/column-rule-color.css':[
6,
8,
9,
10,
],
'project:custom/common/properties/css/flood-color.css':[
6,
8,
9,
10,
],
'project:custom/common/properties/css/lighting-color.css':[
6,
8,
9,
10,
],
'project:custom/common/properties/css/stop-color.css':[
6,
8,
9,
10,
],
'project:custom/common/properties/css/text-decoration-color.css':[
6,
8,
9,
10,
],
'project:custom/common/properties/css/text-emphasis-color.css':[
6,
8,
9,
10,
],
'project:custom/common/unknown-pseudo/unknownPseudo.css':[
7,
],
'project:custom/common/unknown-type-selector/unknownTypeSelector.css':[
5,
],
'project:custom/common/unknown-type-selector/unknownTypeSelectorCustom.css':[
5,
],
'project:custom/common/unknownAtRules.css':[
5,
14,
],
'project:custom/common/vendorprefixes.css':[
15,
19,
],
'project:custom/css/experimentalFunctionUsage.css':[
2,
],
'project:custom/css/obsoleteFunctions.css':[
10,
],
'project:custom/css/unknownFunctions.css':[
5,
],
}
