{
'project:custom/common/duplicatebackgroundimages.css':[
30,
34,
38,
],
'project:custom/common/duplicated-font-families/duplicatedFontFamilies.css':[
5,
10,
16,
],
'project:custom/common/emptyRule.css':[
29,
30,
42,
43,
45,
46,
53,
54,
],
'project:custom/common/experimental-atrule-usage/experimentalAtRuleUsage.css':[
9,
17,
57,
58,
85,
88,
],
'project:custom/common/experimental-atrule-usage/experimentalAtRuleUsageExcludeAtRules.css':[
4,
14,
17,
],
'project:custom/common/font-family-not-ending-with-generic-font-family/fontFamilyNotEndingWithGenericFontFamily.css':[
6,
],
'project:custom/common/font-family-not-ending-with-generic-font-family/fontFamilyNotEndingWithGenericFontFamilyDefaultExclusions.css':[
3,
4,
6,
8,
10,
12,
],
'project:custom/common/known-properties/knownProperties.css':[
38,
68,
68,
68,
69,
70,
71,
],
'project:custom/common/oneDeclarationPerLine.css':[
26,
],
'project:custom/common/properties/css/clip-path.css':[
4,
],
'project:custom/common/properties/css/font-display.css':[
9,
],
'project:custom/common/properties/css/font-family.css':[
5,
7,
7,
7,
10,
10,
10,
15,
15,
16,
16,
17,
17,
17,
18,
18,
19,
],
'project:custom/common/properties/css/font-language-override.css':[
4,
],
'project:custom/common/properties/css/list-style-type.css':[
6,
],
'project:custom/common/properties/css/list-style.css':[
4,
5,
8,
],
'project:custom/common/properties/css/marker-end.css':[
4,
],
'project:custom/common/properties/css/marker-mid.css':[
4,
],
'project:custom/common/properties/css/marker-start.css':[
4,
],
'project:custom/common/properties/css/nav-down.css':[
5,
14,
],
'project:custom/common/properties/css/nav-left.css':[
5,
14,
],
'project:custom/common/properties/css/nav-right.css':[
5,
14,
],
'project:custom/common/properties/css/nav-up.css':[
5,
14,
],
'project:custom/common/properties/css/prefix.css':[
8,
],
'project:custom/common/properties/css/quotes.css':[
4,
4,
6,
6,
10,
10,
10,
11,
11,
11,
11,
11,
],
'project:custom/common/properties/css/suffix.css':[
8,
],
'project:custom/common/properties/css/symbols.css':[
8,
],
'project:custom/common/properties/css/text-overflow.css':[
5,
7,
7,
],
'project:custom/common/protocolRelativeUrl/protocolRelativeUrl.css':[
3,
],
'project:custom/common/quoted-generic-font-family-names/quotedGenericFontFamilyNames.css':[
4,
5,
5,
6,
6,
6,
12,
13,
13,
14,
14,
14,
],
'project:custom/common/quotedUrl/quotedUrl.css':[
3,
],
'project:custom/common/single-quotes/singleQuotes.css':[
4,
],
'project:custom/common/single-quotes/singleQuotes.html':[
9,
],
'project:custom/common/unknownAtRules.css':[
19,
27,
37,
38,
],
'project:custom/common/unquoted-font-family-names/unquotedFontFamilyNames.css':[
5,
8,
],
'project:custom/css/custom/forbiddenProperties.css':[
8,
],
'project:custom/css/custom/forbiddenUrl.css':[
10,
11,
],
'project:custom/css/experimentalFunctionUsage.css':[
10,
14,
18,
],
'project:custom/css/import/importFirst1.css':[
1,
],
'project:custom/css/import/importFirst2.css':[
1,
],
'project:custom/css/import/importFirst3.css':[
1,
2,
],
'project:custom/css/import/importFirst4.css':[
1,
2,
],
'project:custom/css/import/importFirstWithCharset.css':[
4,
],
'project:custom/css/import/importNotFirst1.css':[
5,
9,
],
'project:custom/css/import/importNotFirst2.css':[
7,
12,
],
'project:custom/css/unknownFunctions.css':[
8,
],
}
