{
'project:custom/common/alphabetize-declarations/alphabetizeDeclarations.css':[
26,
61,
],
'project:custom/common/case/case.css':[
6,
7,
],
'project:custom/common/do-not-use-shorthand-properties/doNotUseShorthandProperties.css':[
4,
5,
],
'project:custom/common/duplicated-properties/duplicatedProperties.css':[
24,
],
'project:custom/common/known-properties/knownProperties.css':[
17,
26,
],
'project:custom/common/properties/css/all.css':[
7,
],
'project:custom/common/semicolon-declaration/semicolonDeclaration.css':[
22,
],
'project:custom/common/starhack.css':[
3,
],
}
