{
'project:custom/common/experimental-atrule-usage/experimentalAtRuleUsage.css':[
15,
16,
17,
88,
],
'project:custom/common/experimental-atrule-usage/experimentalAtRuleUsageExcludeAtRules.css':[
17,
],
'project:custom/common/function-regular-expression/functionRegularExpression.css':[
4,
5,
],
'project:custom/common/gradientdefinition.css':[
3,
4,
5,
6,
7,
17,
18,
23,
24,
25,
30,
31,
32,
],
'project:custom/common/oneDeclarationPerLine.css':[
26,
],
'project:custom/common/properties/css/background-image.css':[
12,
13,
21,
],
'project:custom/common/properties/css/content-zoom-snap-points.css':[
3,
4,
5,
6,
],
'project:custom/common/properties/css/position.css':[
9,
],
'project:custom/common/properties/css/scroll-snap-points-x.css':[
3,
4,
5,
6,
],
'project:custom/common/properties/css/scroll-snap-points-y.css':[
3,
4,
5,
6,
],
'project:custom/common/unknownAtRules.css':[
25,
26,
27,
],
'project:custom/css/experimentalFunctionUsage.css':[
2,
3,
4,
5,
6,
7,
10,
14,
18,
],
'project:custom/css/experimentalFunctionUsageExcludeFunctions.css':[
2,
3,
4,
],
'project:custom/css/obsoleteFunctions.css':[
7,
8,
],
'project:custom/css/unknownFunctions.css':[
6,
],
}
