{
'project:custom/common/duplicated-font-families/duplicatedFontFamilies.css':[
4,
5,
7,
8,
12,
13,
14,
],
'project:custom/common/font-family-not-ending-with-generic-font-family/fontFamilyNotEndingWithGenericFontFamily.css':[
9,
10,
11,
12,
],
'project:custom/common/font-family-not-ending-with-generic-font-family/fontFamilyNotEndingWithGenericFontFamilyCustomExclusions.css':[
3,
4,
],
'project:custom/common/font-family-not-ending-with-generic-font-family/fontFamilyNotEndingWithGenericFontFamilyDefaultExclusions.css':[
11,
12,
],
'project:custom/common/formatting/delimiterSeparatedList.css':[
2,
],
'project:custom/common/properties/css/font-family.css':[
5,
6,
7,
8,
9,
10,
11,
12,
13,
14,
15,
16,
17,
18,
19,
21,
22,
],
'project:custom/common/quoted-generic-font-family-names/quotedGenericFontFamilyNames.css':[
3,
4,
5,
6,
],
'project:custom/common/unquoted-font-family-names/unquotedFontFamilyNames.css':[
4,
5,
6,
7,
8,
],
'project:custom/common/use-shorthand-properties/shorthand.css':[
135,
],
}
