{
'project:custom/common/experimental-selector-combinator-usage/experimentalSelectorCombinatorUsage.css':[
8,
11,
],
'project:custom/common/obsolete-selector-combinator-usage/obsoleteSelectorCombinatorUsage.css':[
7,
10,
],
}
