{
'project:custom/common/emptyRule.css':[
42,
43,
44,
45,
46,
47,
],
'project:custom/common/experimental-atrule-usage/experimentalAtRuleUsage.css':[
63,
],
'project:custom/common/unknownAtRules.css':[
64,
],
'project:custom/css/import/importNotFirst1.css':[
5,
9,
],
'project:custom/css/import/importNotFirst2.css':[
7,
12,
],
}
