{
'project:custom/common/obsolete-pseudos/obsoletePseudos.css':[
1,
5,
],
}
