{
'project:custom/common/case/case.less':[
10,
10,
11,
11,
],
'project:custom/common/deprecated-system-color/deprecatedSystemColor.less':[
12,
13,
13,
14,
14,
15,
15,
15,
],
'project:custom/common/duplicated-font-families/duplicatedFontFamilies.less':[
7,
8,
],
'project:custom/common/experimental-pseudo-usage/experimentalPseudoUsage.less':[
29,
],
'project:custom/common/formatting/declaration.less':[
6,
10,
14,
18,
22,
24,
26,
36,
40,
44,
48,
52,
54,
56,
62,
66,
70,
72,
74,
],
'project:custom/common/formatting/delimiterSeparatedList.less':[
4,
5,
7,
10,
11,
12,
13,
14,
14,
18,
19,
21,
24,
25,
26,
27,
28,
28,
29,
34,
37,
38,
41,
45,
47,
48,
49,
50,
50,
58,
59,
60,
60,
],
'project:custom/common/known-properties/knownProperties.less':[
3,
7,
17,
22,
26,
30,
34,
],
'project:custom/common/properties/less/animation-timing-function.less':[
11,
11,
11,
],
'project:custom/common/properties/less/background-color.less':[
12,
13,
13,
14,
14,
15,
15,
15,
],
'project:custom/common/properties/less/border-bottom-color.less':[
4,
4,
],
'project:custom/common/properties/less/border-bottom.less':[
8,
8,
26,
26,
],
'project:custom/common/properties/less/border-left-color.less':[
4,
4,
],
'project:custom/common/properties/less/border-left.less':[
8,
8,
],
'project:custom/common/properties/less/border-right-color.less':[
4,
4,
],
'project:custom/common/properties/less/border-right.less':[
8,
8,
],
'project:custom/common/properties/less/border-top-color.less':[
4,
4,
],
'project:custom/common/properties/less/border-top.less':[
8,
8,
],
'project:custom/common/properties/less/border.less':[
8,
8,
],
'project:custom/common/properties/less/caret-color.less':[
12,
13,
13,
14,
14,
15,
15,
15,
],
'project:custom/common/properties/less/clip.less':[
3,
3,
3,
],
'project:custom/common/properties/less/color.less':[
16,
17,
17,
18,
18,
19,
19,
19,
],
'project:custom/common/properties/less/column-rule-color.less':[
12,
13,
13,
14,
14,
15,
15,
15,
],
'project:custom/common/properties/less/cursor.less':[
41,
42,
],
'project:custom/common/properties/less/flood-color.less':[
12,
13,
13,
14,
14,
15,
15,
15,
],
'project:custom/common/properties/less/lighting-color.less':[
12,
13,
13,
14,
14,
15,
15,
15,
],
'project:custom/common/properties/less/outline-color.less':[
4,
4,
],
'project:custom/common/properties/less/outline.less':[
8,
8,
],
'project:custom/common/properties/less/stop-color.less':[
12,
13,
13,
14,
14,
15,
15,
15,
],
'project:custom/common/properties/less/tansition-timing-function.less':[
11,
11,
11,
],
'project:custom/common/properties/less/text-decoration-color.less':[
12,
13,
13,
14,
14,
15,
15,
15,
],
'project:custom/common/properties/less/text-emphasis-color.less':[
12,
13,
13,
14,
14,
15,
15,
15,
],
'project:custom/common/semicolon-declaration/semicolonDeclaration.less':[
52,
],
'project:custom/less/experimentalFunctionUsage.less':[
3,
3,
3,
11,
15,
19,
19,
],
'project:custom/less/obsoleteFunctions.less':[
3,
],
'project:custom/less/unknownFunctions.less':[
4,
4,
4,
4,
4,
4,
4,
4,
5,
5,
5,
5,
5,
5,
5,
5,
],
}
