{
'project:custom/common/experimental-atrule-usage/experimentalAtRuleUsage.less':[
8,
8,
8,
35,
45,
],
'project:custom/common/experimental-atrule-usage/experimentalAtRuleUsageExcludeAtRules.less':[
3,
3,
3,
],
'project:custom/common/properties/less/background-image.less':[
4,
5,
5,
6,
6,
6,
17,
],
'project:custom/common/properties/less/cue-after.less':[
4,
],
'project:custom/common/properties/less/cue-before.less':[
4,
],
'project:custom/common/properties/less/cue.less':[
4,
7,
7,
8,
8,
8,
9,
],
'project:custom/common/properties/less/cursor.less':[
38,
39,
40,
40,
41,
41,
41,
42,
42,
42,
44,
45,
46,
47,
48,
49,
50,
],
'project:custom/common/properties/less/filter.less':[
4,
5,
5,
9,
10,
10,
11,
11,
],
'project:custom/common/properties/less/list-style-image.less':[
4,
],
'project:custom/common/properties/less/list-style.less':[
4,
],
'project:custom/common/properties/less/mask-border-source.less':[
4,
],
'project:custom/common/properties/less/prefix.less':[
4,
],
'project:custom/common/properties/less/shape-outside.less':[
4,
11,
12,
13,
13,
],
'project:custom/common/properties/less/suffix.less':[
4,
],
'project:custom/common/properties/less/symbols.less':[
4,
],
'project:custom/common/protocolRelativeUrl/protocolRelativeUrl.less':[
5,
],
'project:custom/common/quotedUrl/quotedUrl.less':[
5,
],
}
