{
'project:custom/common/alphabetize-declarations/alphabetizeDeclarations.less':[
53,
59,
65,
71,
87,
101,
106,
111,
],
'project:custom/common/case/case.less':[
1,
32,
36,
],
'project:custom/common/display-property-grouping/displayProperty.less':[
1,
7,
34,
],
'project:custom/common/do-not-use-shorthand-properties/doNotUseShorthandProperties.less':[
1,
],
'project:custom/common/duplicated-properties/duplicatedProperties.less':[
12,
35,
43,
50,
57,
],
'project:custom/common/experimental-property-usage/experimentalPropertyUsageExcludeProperties.less':[
1,
],
'project:custom/common/font-family-not-ending-with-generic-font-family/fontFamilyNotEndingWithGenericFontFamily.less':[
17,
],
'project:custom/common/formatting/delimiterSeparatedList.less':[
1,
],
'project:custom/common/properties/less/pause.less':[
1,
],
'project:custom/common/properties/less/rest.less':[
1,
],
'project:custom/common/property-regular-expression/propertyRegularExpression.less':[
1,
],
'project:custom/common/use-shorthand-properties/shorthand.less':[
7,
21,
29,
37,
50,
58,
66,
74,
82,
118,
127,
156,
163,
174,
181,
189,
201,
208,
215,
222,
229,
236,
245,
251,
259,
265,
271,
279,
297,
315,
322,
336,
345,
357,
365,
373,
379,
],
'project:custom/less/experimentalFunctionUsage.less':[
1,
],
'project:custom/less/unknownFunctions.less':[
1,
],
'project:custom/less/variableDeclarationFirst.less':[
6,
21,
],
}
