{
'project:custom/common/unknown-pseudo/unknownPseudo.less':[
7,
18,
],
}
