{
'project:custom/common/alphabetize-declarations/alphabetizeDeclarations.less':[
1,
5,
10,
16,
23,
30,
37,
46,
53,
59,
65,
71,
79,
87,
95,
101,
106,
111,
116,
123,
],
'project:custom/common/at-rule-regular-expression/atRuleRegularExpression.less':[
1,
3,
4,
],
'project:custom/common/case/case.less':[
3,
4,
5,
7,
9,
11,
14,
17,
21,
24,
27,
30,
33,
34,
],
'project:custom/common/class-selector-naming-convention/selectorNamingConvention.less':[
1,
4,
7,
10,
13,
13,
16,
],
'project:custom/common/comment-regular-expression/commentRegularExpression.less':[
1,
3,
4,
],
'project:custom/common/deprecated-system-color/deprecatedSystemColor.less':[
22,
23,
],
'project:custom/common/display-property-grouping/displayProperty.less':[
4,
8,
15,
18,
24,
],
'project:custom/common/do-not-use-shorthand-properties/doNotUseShorthandProperties.less':[
2,
3,
4,
5,
6,
7,
8,
9,
],
'project:custom/common/duplicated-font-families/duplicatedFontFamilies.less':[
7,
8,
9,
10,
11,
12,
13,
15,
20,
],
'project:custom/common/duplicated-properties/duplicatedProperties.less':[
2,
7,
13,
15,
22,
28,
34,
44,
52,
71,
79,
90,
96,
],
'project:custom/common/experimental-property-usage/experimentalPropertyUsage.less':[
3,
4,
5,
6,
7,
8,
9,
10,
11,
12,
13,
14,
15,
16,
17,
18,
19,
20,
21,
22,
],
'project:custom/common/experimental-property-usage/experimentalPropertyUsageExcludeProperties.less':[
5,
],
'project:custom/common/experimental-pseudo-usage/experimentalPseudoUsage.less':[
1,
5,
9,
13,
17,
],
'project:custom/common/experimental-selector-combinator-usage/experimentalSelectorCombinatorUsage.less':[
1,
5,
],
'project:custom/common/fixme/fixmeTagPresence.less':[
1,
1,
6,
6,
11,
12,
20,
20,
25,
26,
34,
34,
37,
39,
],
'project:custom/common/font-family-not-ending-with-generic-font-family/fontFamilyNotEndingWithGenericFontFamily.less':[
9,
10,
11,
12,
],
'project:custom/common/formatting/declaration.less':[
2,
6,
10,
14,
18,
22,
24,
26,
32,
36,
40,
44,
48,
52,
54,
56,
62,
66,
70,
72,
74,
],
'project:custom/common/formatting/delimiterSeparatedList.less':[
4,
5,
7,
10,
11,
12,
13,
14,
14,
18,
19,
21,
24,
25,
26,
27,
28,
28,
29,
34,
37,
38,
41,
45,
47,
48,
49,
50,
50,
54,
58,
59,
60,
60,
],
'project:custom/common/function-regular-expression/functionRegularExpression.less':[
2,
4,
5,
],
'project:custom/common/id-selector-naming-convention/selectorNamingConvention.less':[
1,
4,
7,
10,
10,
13,
],
'project:custom/common/important/important.less':[
3,
4,
],
'project:custom/common/known-properties/knownProperties.less':[
1,
7,
10,
15,
20,
26,
30,
34,
],
'project:custom/common/named-color/namedColor.less':[
1,
5,
],
'project:custom/common/nosonar/nosonarTagPresence.less':[
11,
],
'project:custom/common/number-precision/numberPrecision.less':[
8,
9,
10,
11,
12,
13,
],
'project:custom/common/obsolete-pseudos/obsoletePseudos.less':[
1,
5,
],
'project:custom/common/obsolete-selector-combinator-usage/obsoleteSelectorCombinatorUsage.less':[
7,
10,
],
'project:custom/common/properties/less/accelerator.less':[
5,
6,
7,
],
'project:custom/common/properties/less/align-content.less':[
19,
20,
21,
22,
23,
24,
],
'project:custom/common/properties/less/align-items.less':[
15,
16,
17,
19,
21,
22,
23,
25,
],
'project:custom/common/properties/less/align-self.less':[
16,
18,
19,
20,
21,
],
'project:custom/common/properties/less/alignment-baseline.less':[
16,
17,
18,
19,
20,
21,
],
'project:custom/common/properties/less/all.less':[
6,
7,
8,
9,
],
'project:custom/common/properties/less/animation-delay.less':[
7,
8,
9,
],
'project:custom/common/properties/less/animation-direction.less':[
7,
8,
9,
],
'project:custom/common/properties/less/animation-duration.less':[
5,
7,
8,
9,
],
'project:custom/common/properties/less/animation-fill-mode.less':[
7,
8,
],
'project:custom/common/properties/less/animation-iteration-count.less':[
7,
8,
],
'project:custom/common/properties/less/animation-name.less':[
4,
5,
],
'project:custom/common/properties/less/animation-play-state.less':[
5,
6,
],
'project:custom/common/properties/less/animation-timing-function.less':[
12,
13,
14,
15,
16,
],
'project:custom/common/properties/less/animation.less':[
14,
15,
17,
20,
],
'project:custom/common/properties/less/backface-visibility.less':[
5,
6,
7,
],
'project:custom/common/properties/less/background-attachment.less':[
8,
9,
],
'project:custom/common/properties/less/background-blend-mode.less':[
19,
20,
21,
25,
],
'project:custom/common/properties/less/background-clip.less':[
6,
7,
],
'project:custom/common/properties/less/background-color.less':[
9,
10,
11,
16,
],
'project:custom/common/properties/less/background-image.less':[
7,
8,
18,
],
'project:custom/common/properties/less/background-origin.less':[
6,
7,
],
'project:custom/common/properties/less/background-position-x.less':[
11,
12,
],
'project:custom/common/properties/less/background-position-y.less':[
11,
12,
],
'project:custom/common/properties/less/background-position.less':[
12,
13,
14,
18,
19,
24,
29,
30,
31,
32,
33,
34,
37,
38,
39,
],
'project:custom/common/properties/less/background-repeat.less':[
16,
17,
18,
19,
20,
21,
22,
23,
24,
],
'project:custom/common/properties/less/background-size.less':[
19,
20,
21,
22,
23,
24,
25,
26,
27,
28,
],
'project:custom/common/properties/less/baseline-shift.less':[
9,
10,
],
'project:custom/common/properties/less/block-progression.less':[
7,
8,
],
'project:custom/common/properties/less/border-bottom-color.less':[
5,
6,
],
'project:custom/common/properties/less/border-bottom-left-radius.less':[
7,
8,
9,
10,
11,
12,
],
'project:custom/common/properties/less/border-bottom-right-radius.less':[
7,
8,
9,
10,
11,
12,
],
'project:custom/common/properties/less/border-bottom-style.less':[
11,
12,
],
'project:custom/common/properties/less/border-bottom-width.less':[
7,
8,
],
'project:custom/common/properties/less/border-bottom.less':[
9,
10,
11,
27,
28,
31,
],
'project:custom/common/properties/less/border-collapse.less':[
5,
6,
],
'project:custom/common/properties/less/border-color.less':[
7,
12,
],
'project:custom/common/properties/less/border-image-outset.less':[
12,
13,
14,
15,
16,
],
'project:custom/common/properties/less/border-image-repeat.less':[
9,
10,
11,
],
'project:custom/common/properties/less/border-image-width.less':[
14,
15,
16,
17,
18,
19,
],
'project:custom/common/properties/less/border-left-color.less':[
5,
6,
],
'project:custom/common/properties/less/border-left-style.less':[
11,
12,
],
'project:custom/common/properties/less/border-left-width.less':[
7,
8,
],
'project:custom/common/properties/less/border-left.less':[
9,
10,
11,
],
'project:custom/common/properties/less/border-radius.less':[
7,
8,
],
'project:custom/common/properties/less/border-right-color.less':[
5,
6,
],
'project:custom/common/properties/less/border-right-style.less':[
11,
12,
],
'project:custom/common/properties/less/border-right-width.less':[
7,
8,
],
'project:custom/common/properties/less/border-right.less':[
9,
10,
11,
],
'project:custom/common/properties/less/border-spacing.less':[
5,
6,
7,
],
'project:custom/common/properties/less/border-style.less':[
7,
9,
10,
],
'project:custom/common/properties/less/border-top-color.less':[
5,
6,
],
'project:custom/common/properties/less/border-top-left-radius.less':[
7,
8,
9,
10,
11,
12,
],
'project:custom/common/properties/less/border-top-right-radius.less':[
7,
8,
9,
10,
11,
12,
],
'project:custom/common/properties/less/border-top-style.less':[
11,
12,
],
'project:custom/common/properties/less/border-top-width.less':[
7,
8,
],
'project:custom/common/properties/less/border-top.less':[
9,
10,
11,
],
'project:custom/common/properties/less/border-width.less':[
7,
9,
11,
12,
],
'project:custom/common/properties/less/border.less':[
9,
10,
13,
],
'project:custom/common/properties/less/bottom.less':[
8,
9,
],
'project:custom/common/properties/less/box-decoration-break.less':[
5,
6,
],
'project:custom/common/properties/less/box-sizing.less':[
6,
7,
],
'project:custom/common/properties/less/box-snap.less':[
9,
10,
11,
],
'project:custom/common/properties/less/box-suppress.less':[
6,
8,
],
'project:custom/common/properties/less/break-after.less':[
16,
17,
18,
],
'project:custom/common/properties/less/break-before.less':[
16,
17,
18,
],
'project:custom/common/properties/less/break-inside.less':[
8,
9,
10,
],
'project:custom/common/properties/less/caption-side.less':[
9,
10,
11,
],
'project:custom/common/properties/less/caret-color.less':[
9,
10,
11,
16,
],
'project:custom/common/properties/less/caret-shape.less':[
7,
8,
9,
],
'project:custom/common/properties/less/clear.less':[
7,
8,
],
'project:custom/common/properties/less/clip-path.less':[
13,
14,
15,
16,
],
'project:custom/common/properties/less/clip-rule.less':[
5,
6,
],
'project:custom/common/properties/less/clip.less':[
5,
6,
],
'project:custom/common/properties/less/color-interpolation-filters.less':[
8,
9,
],
'project:custom/common/properties/less/color-interpolation.less':[
8,
9,
],
'project:custom/common/properties/less/color-profile.less':[
6,
7,
],
'project:custom/common/properties/less/color-rendering.less':[
8,
9,
],
'project:custom/common/properties/less/color.less':[
13,
14,
15,
20,
],
'project:custom/common/properties/less/column-count.less':[
6,
7,
8,
],
'project:custom/common/properties/less/column-fill.less':[
6,
7,
8,
],
'project:custom/common/properties/less/column-gap.less':[
6,
7,
8,
],
'project:custom/common/properties/less/column-rule-color.less':[
9,
10,
11,
16,
],
'project:custom/common/properties/less/column-rule-style.less':[
11,
12,
],
'project:custom/common/properties/less/column-rule-width.less':[
7,
8,
],
'project:custom/common/properties/less/column-span.less':[
5,
6,
7,
],
'project:custom/common/properties/less/column-width.less':[
10,
11,
12,
],
'project:custom/common/properties/less/content-zoom-chaining.less':[
5,
6,
],
'project:custom/common/properties/less/content-zoom-limit-max.less':[
5,
6,
],
'project:custom/common/properties/less/content-zoom-limit-min.less':[
5,
6,
],
'project:custom/common/properties/less/content-zoom-limit.less':[
6,
7,
8,
],
'project:custom/common/properties/less/content-zoom-snap-points.less':[
7,
8,
],
'project:custom/common/properties/less/content-zoom-snap-type.less':[
6,
7,
],
'project:custom/common/properties/less/content-zooming.less':[
5,
6,
],
'project:custom/common/properties/less/counter-increment.less':[
10,
11,
12,
13,
],
'project:custom/common/properties/less/counter-reset.less':[
10,
11,
12,
13,
],
'project:custom/common/properties/less/cue-after.less':[
5,
6,
],
'project:custom/common/properties/less/cue-before.less':[
5,
6,
],
'project:custom/common/properties/less/cue.less':[
5,
6,
8,
11,
],
'project:custom/common/properties/less/cursor.less':[
43,
44,
45,
46,
47,
48,
49,
50,
51,
52,
53,
],
'project:custom/common/properties/less/device-pixel-ratio.less':[
7,
8,
],
'project:custom/common/properties/less/direction.less':[
5,
6,
],
'project:custom/common/properties/less/display.less':[
29,
30,
],
'project:custom/common/properties/less/dominant-baseline.less':[
12,
13,
14,
],
'project:custom/common/properties/less/empty-cells.less':[
5,
6,
],
'project:custom/common/properties/less/fallback.less':[
5,
6,
7,
8,
9,
],
'project:custom/common/properties/less/fill-opacity.less':[
7,
8,
9,
],
'project:custom/common/properties/less/fill-rule.less':[
5,
6,
],
'project:custom/common/properties/less/filter.less':[
12,
13,
14,
15,
16,
17,
],
'project:custom/common/properties/less/flex-basis.less':[
9,
10,
],
'project:custom/common/properties/less/flex-direction.less':[
7,
8,
],
'project:custom/common/properties/less/flex-flow.less':[
12,
13,
14,
15,
],
'project:custom/common/properties/less/flex-grow.less':[
6,
7,
8,
],
'project:custom/common/properties/less/flex-shrink.less':[
6,
7,
8,
],
'project:custom/common/properties/less/flex-wrap.less':[
6,
7,
],
'project:custom/common/properties/less/float-defer.less':[
8,
9,
],
'project:custom/common/properties/less/float-offset.less':[
8,
9,
],
'project:custom/common/properties/less/float-reference.less':[
7,
8,
],
'project:custom/common/properties/less/float.less':[
6,
7,
],
'project:custom/common/properties/less/flood-color.less':[
9,
10,
11,
16,
],
'project:custom/common/properties/less/flood-opacity.less':[
7,
8,
9,
],
'project:custom/common/properties/less/font-family.less':[
11,
12,
14,
15,
16,
17,
29,
],
'project:custom/common/properties/less/font-language-override.less':[
6,
7,
8,
],
'project:custom/common/properties/less/font-size-adjust.less':[
6,
7,
],
'project:custom/common/properties/less/font-size.less':[
17,
18,
19,
20,
],
'project:custom/common/properties/less/font-stretch.less':[
14,
15,
16,
],
'project:custom/common/properties/less/font-style.less':[
6,
7,
],
'project:custom/common/properties/less/font-synthesis.less':[
8,
9,
10,
11,
12,
13,
],
'project:custom/common/properties/less/font-variant-caps.less':[
10,
11,
12,
],
'project:custom/common/properties/less/font-variant-position.less':[
6,
7,
8,
],
'project:custom/common/properties/less/font-weight.less':[
16,
17,
],
'project:custom/common/properties/less/footnote-display.less':[
6,
7,
],
'project:custom/common/properties/less/footnote-policy.less':[
6,
7,
],
'project:custom/common/properties/less/hanging-punctuation.less':[
8,
9,
10,
16,
17,
],
'project:custom/common/properties/less/height.less':[
8,
9,
],
'project:custom/common/properties/less/high-contrast-adjust.less':[
5,
6,
],
'project:custom/common/properties/less/high-contrast.less':[
6,
7,
8,
],
'project:custom/common/properties/less/hyphens.less':[
6,
7,
],
'project:custom/common/properties/less/image-rendering.less':[
6,
7,
8,
],
'project:custom/common/properties/less/inline-box-align.less':[
7,
8,
],
'project:custom/common/properties/less/isolation.less':[
5,
6,
7,
],
'project:custom/common/properties/less/justify-content.less':[
17,
18,
19,
20,
21,
],
'project:custom/common/properties/less/justify-items.less':[
18,
20,
21,
22,
23,
],
'project:custom/common/properties/less/justify-self.less':[
18,
19,
20,
21,
],
'project:custom/common/properties/less/kerning.less':[
6,
7,
],
'project:custom/common/properties/less/layout-flow.less':[
5,
6,
],
'project:custom/common/properties/less/layout-grid-char.less':[
9,
10,
],
'project:custom/common/properties/less/layout-grid-line.less':[
7,
8,
9,
],
'project:custom/common/properties/less/layout-grid-mode.less':[
7,
8,
9,
],
'project:custom/common/properties/less/layout-grid-type.less':[
6,
7,
8,
],
'project:custom/common/properties/less/left.less':[
8,
9,
],
'project:custom/common/properties/less/letter-spacing.less':[
6,
7,
],
'project:custom/common/properties/less/lighting-color.less':[
9,
10,
11,
16,
],
'project:custom/common/properties/less/line-break.less':[
7,
8,
],
'project:custom/common/properties/less/line-grid.less':[
5,
6,
7,
],
'project:custom/common/properties/less/line-height.less':[
4,
8,
9,
10,
11,
12,
],
'project:custom/common/properties/less/line-snap.less':[
6,
7,
8,
],
'project:custom/common/properties/less/list-style-image.less':[
7,
8,
],
'project:custom/common/properties/less/list-style-position.less':[
5,
6,
],
'project:custom/common/properties/less/list-style-type.less':[
7,
8,
9,
],
'project:custom/common/properties/less/list-style.less':[
8,
9,
10,
11,
],
'project:custom/common/properties/less/margin-bottom.less':[
8,
9,
],
'project:custom/common/properties/less/margin-left.less':[
8,
9,
],
'project:custom/common/properties/less/margin-right.less':[
8,
9,
],
'project:custom/common/properties/less/margin-top.less':[
8,
9,
],
'project:custom/common/properties/less/margin.less':[
8,
9,
13,
14,
],
'project:custom/common/properties/less/marker-end.less':[
5,
6,
],
'project:custom/common/properties/less/marker-mid.less':[
5,
6,
],
'project:custom/common/properties/less/marker-side.less':[
5,
6,
],
'project:custom/common/properties/less/marker-start.less':[
5,
6,
],
'project:custom/common/properties/less/mask-border-mode.less':[
5,
6,
],
'project:custom/common/properties/less/mask-border-outset.less':[
3,
8,
9,
13,
15,
],
'project:custom/common/properties/less/mask-border-repeat.less':[
7,
8,
9,
13,
],
'project:custom/common/properties/less/mask-border-source.less':[
7,
8,
],
'project:custom/common/properties/less/mask-border-width.less':[
9,
13,
15,
],
'project:custom/common/properties/less/mask-type.less':[
5,
6,
7,
],
'project:custom/common/properties/less/max-device-pixel-ratio.less':[
7,
8,
],
'project:custom/common/properties/less/max-height.less':[
8,
9,
],
'project:custom/common/properties/less/max-lines.less':[
7,
8,
],
'project:custom/common/properties/less/max-width.less':[
8,
9,
],
'project:custom/common/properties/less/max-zoom.less':[
6,
7,
8,
9,
],
'project:custom/common/properties/less/min-device-pixel-ratio.less':[
7,
8,
],
'project:custom/common/properties/less/min-height.less':[
8,
9,
],
'project:custom/common/properties/less/min-width.less':[
8,
9,
],
'project:custom/common/properties/less/min-zoom.less':[
6,
7,
8,
9,
],
'project:custom/common/properties/less/mix-blend-mode.less':[
19,
20,
21,
],
'project:custom/common/properties/less/nav-down.less':[
9,
10,
11,
12,
13,
14,
],
'project:custom/common/properties/less/nav-left.less':[
9,
10,
11,
12,
13,
14,
],
'project:custom/common/properties/less/nav-right.less':[
9,
10,
11,
12,
13,
14,
],
'project:custom/common/properties/less/nav-up.less':[
9,
10,
11,
12,
13,
14,
],
'project:custom/common/properties/less/object-fit.less':[
8,
9,
10,
],
'project:custom/common/properties/less/offset-after.less':[
8,
9,
],
'project:custom/common/properties/less/offset-before.less':[
8,
9,
],
'project:custom/common/properties/less/offset-end.less':[
8,
9,
],
'project:custom/common/properties/less/offset-start.less':[
8,
9,
],
'project:custom/common/properties/less/opacity.less':[
7,
8,
9,
],
'project:custom/common/properties/less/order.less':[
5,
6,
7,
],
'project:custom/common/properties/less/orientation.less':[
6,
7,
],
'project:custom/common/properties/less/orphans.less':[
6,
7,
8,
],
'project:custom/common/properties/less/outline-color.less':[
5,
6,
],
'project:custom/common/properties/less/outline-offset.less':[
8,
9,
],
'project:custom/common/properties/less/outline-style.less':[
11,
12,
],
'project:custom/common/properties/less/outline-width.less':[
7,
8,
],
'project:custom/common/properties/less/outline.less':[
9,
10,
11,
],
'project:custom/common/properties/less/overflow-style.less':[
7,
8,
9,
],
'project:custom/common/properties/less/overflow-wrap.less':[
5,
6,
7,
],
'project:custom/common/properties/less/overflow-x.less':[
8,
9,
10,
11,
12,
],
'project:custom/common/properties/less/overflow-y.less':[
8,
9,
10,
11,
12,
],
'project:custom/common/properties/less/overflow.less':[
8,
9,
10,
11,
12,
],
'project:custom/common/properties/less/padding-bottom.less':[
4,
6,
7,
8,
],
'project:custom/common/properties/less/padding-left.less':[
4,
6,
7,
8,
],
'project:custom/common/properties/less/padding-right.less':[
4,
6,
7,
8,
],
'project:custom/common/properties/less/padding-top.less':[
4,
6,
7,
8,
],
'project:custom/common/properties/less/padding.less':[
4,
6,
7,
8,
12,
13,
],
'project:custom/common/properties/less/page-break-after.less':[
8,
9,
10,
],
'project:custom/common/properties/less/page-break-before.less':[
8,
9,
10,
],
'project:custom/common/properties/less/page-break-inside.less':[
5,
6,
7,
],
'project:custom/common/properties/less/pause-after.less':[
10,
11,
12,
13,
],
'project:custom/common/properties/less/pause-before.less':[
10,
11,
12,
13,
],
'project:custom/common/properties/less/pause.less':[
10,
11,
12,
13,
16,
17,
],
'project:custom/common/properties/less/perspective.less':[
5,
6,
7,
],
'project:custom/common/properties/less/pointer-events.less':[
16,
17,
],
'project:custom/common/properties/less/position.less':[
10,
11,
],
'project:custom/common/properties/less/prefix.less':[
10,
11,
12,
],
'project:custom/common/properties/less/quotes.less':[
7,
8,
9,
10,
11,
],
'project:custom/common/properties/less/region-fragment.less':[
5,
6,
7,
],
'project:custom/common/properties/less/resize.less':[
7,
8,
],
'project:custom/common/properties/less/rest-after.less':[
10,
11,
12,
13,
],
'project:custom/common/properties/less/rest-before.less':[
10,
11,
12,
13,
],
'project:custom/common/properties/less/rest.less':[
10,
11,
12,
13,
16,
17,
],
'project:custom/common/properties/less/right.less':[
8,
9,
],
'project:custom/common/properties/less/ruby-align.less':[
7,
8,
9,
],
'project:custom/common/properties/less/ruby-merge.less':[
6,
7,
8,
],
'project:custom/common/properties/less/ruby-position.less':[
6,
7,
8,
],
'project:custom/common/properties/less/scroll-behavior.less':[
5,
6,
7,
8,
],
'project:custom/common/properties/less/scroll-chaining.less':[
5,
6,
7,
],
'project:custom/common/properties/less/scroll-limit-x-max.less':[
6,
7,
8,
],
'project:custom/common/properties/less/scroll-limit-x-min.less':[
5,
6,
7,
],
'project:custom/common/properties/less/scroll-limit-y-max.less':[
6,
7,
8,
],
'project:custom/common/properties/less/scroll-limit-y-min.less':[
5,
6,
7,
],
'project:custom/common/properties/less/scroll-rails.less':[
5,
6,
],
'project:custom/common/properties/less/scroll-snap-points-x.less':[
7,
8,
],
'project:custom/common/properties/less/scroll-snap-points-y.less':[
7,
8,
],
'project:custom/common/properties/less/scroll-snap-type.less':[
6,
7,
],
'project:custom/common/properties/less/scroll-translation.less':[
5,
6,
7,
],
'project:custom/common/properties/less/shape-image-threshold.less':[
8,
9,
10,
],
'project:custom/common/properties/less/shape-margin.less':[
5,
6,
],
'project:custom/common/properties/less/shape-outside.less':[
11,
12,
13,
14,
15,
16,
],
'project:custom/common/properties/less/shape-rendering.less':[
10,
11,
12,
],
'project:custom/common/properties/less/speak.less':[
5,
6,
7,
8,
9,
],
'project:custom/common/properties/less/stop-color.less':[
9,
10,
11,
16,
],
'project:custom/common/properties/less/stop-opacity.less':[
7,
8,
9,
],
'project:custom/common/properties/less/stroke-dashoffset.less':[
7,
8,
],
'project:custom/common/properties/less/stroke-linecap.less':[
6,
7,
8,
9,
],
'project:custom/common/properties/less/stroke-linejoin.less':[
6,
7,
8,
9,
],
'project:custom/common/properties/less/stroke-miterlimit.less':[
6,
7,
8,
9,
10,
],
'project:custom/common/properties/less/stroke-opacity.less':[
7,
8,
9,
],
'project:custom/common/properties/less/stroke-width.less':[
5,
6,
7,
8,
],
'project:custom/common/properties/less/suffix.less':[
10,
11,
12,
],
'project:custom/common/properties/less/symbols.less':[
10,
11,
16,
],
'project:custom/common/properties/less/tab-size.less':[
7,
8,
9,
],
'project:custom/common/properties/less/table-layout.less':[
5,
6,
],
'project:custom/common/properties/less/tansition-timing-function.less':[
12,
13,
14,
15,
19,
],
'project:custom/common/properties/less/text-align-all.less':[
10,
11,
],
'project:custom/common/properties/less/text-align-last.less':[
10,
11,
],
'project:custom/common/properties/less/text-align.less':[
11,
12,
],
'project:custom/common/properties/less/text-anchor.less':[
6,
7,
],
'project:custom/common/properties/less/text-combine-upright.less':[
8,
9,
10,
11,
12,
],
'project:custom/common/properties/less/text-decoration-color.less':[
9,
10,
11,
16,
],
'project:custom/common/properties/less/text-decoration-line.less':[
11,
12,
13,
14,
15,
16,
17,
],
'project:custom/common/properties/less/text-decoration-skip.less':[
12,
13,
14,
15,
16,
17,
],
'project:custom/common/properties/less/text-decoration-style.less':[
8,
9,
],
'project:custom/common/properties/less/text-decoration.less':[
8,
9,
],
'project:custom/common/properties/less/text-emphasis-color.less':[
9,
10,
11,
16,
],
'project:custom/common/properties/less/text-emphasis-position.less':[
7,
8,
9,
10,
11,
12,
13,
],
'project:custom/common/properties/less/text-height.less':[
7,
8,
],
'project:custom/common/properties/less/text-indent.less':[
7,
8,
13,
14,
15,
16,
17,
18,
],
'project:custom/common/properties/less/text-justify.less':[
7,
8,
9,
],
'project:custom/common/properties/less/text-orientation.less':[
6,
7,
8,
],
'project:custom/common/properties/less/text-overflow.less':[
8,
9,
10,
11,
],
'project:custom/common/properties/less/text-rendering.less':[
7,
8,
9,
],
'project:custom/common/properties/less/text-transform.less':[
8,
9,
],
'project:custom/common/properties/less/text-underline-position.less':[
11,
12,
13,
14,
15,
16,
],
'project:custom/common/properties/less/text-wrap.less':[
8,
9,
10,
11,
],
'project:custom/common/properties/less/top.less':[
8,
9,
],
'project:custom/common/properties/less/touch-action.less':[
10,
11,
12,
13,
],
'project:custom/common/properties/less/transform-box.less':[
6,
7,
],
'project:custom/common/properties/less/transform-style.less':[
6,
7,
],
'project:custom/common/properties/less/transform.less':[
8,
9,
10,
],
'project:custom/common/properties/less/transition-delay.less':[
5,
7,
8,
9,
12,
13,
],
'project:custom/common/properties/less/transition-duration.less':[
5,
7,
8,
9,
12,
13,
],
'project:custom/common/properties/less/unicode-bidi.less':[
9,
10,
],
'project:custom/common/properties/less/user-select.less':[
7,
8,
9,
],
'project:custom/common/properties/less/user-zoom.less':[
5,
6,
],
'project:custom/common/properties/less/vertical-align.less':[
15,
16,
],
'project:custom/common/properties/less/visibility.less':[
6,
7,
],
'project:custom/common/properties/less/voice-duration.less':[
7,
8,
9,
10,
11,
],
'project:custom/common/properties/less/voice-stress.less':[
8,
9,
10,
11,
12,
],
'project:custom/common/properties/less/white-space.less':[
8,
9,
],
'project:custom/common/properties/less/widows.less':[
6,
7,
8,
],
'project:custom/common/properties/less/width.less':[
8,
9,
],
'project:custom/common/properties/less/will-change.less':[
9,
10,
],
'project:custom/common/properties/less/word-break.less':[
6,
7,
],
'project:custom/common/properties/less/word-spacing.less':[
8,
9,
],
'project:custom/common/properties/less/wrap-after.less':[
10,
11,
12,
13,
],
'project:custom/common/properties/less/wrap-before.less':[
10,
11,
12,
13,
],
'project:custom/common/properties/less/wrap-margin.less':[
6,
7,
],
'project:custom/common/properties/less/writing-mode.less':[
8,
9,
10,
11,
12,
13,
14,
],
'project:custom/common/properties/less/z-index.less':[
7,
8,
],
'project:custom/common/properties/less/zoom.less':[
6,
7,
8,
9,
],
'project:custom/common/property-regular-expression/propertyRegularExpression.less':[
2,
4,
8,
],
'project:custom/common/protocolRelativeUrl/protocolRelativeUrl.less':[
2,
3,
5,
],
'project:custom/common/quoted-generic-font-family-names/quotedGenericFontFamilyNames.less':[
3,
4,
5,
6,
6,
11,
12,
13,
14,
14,
],
'project:custom/common/quotedUrl/quotedUrl.less':[
5,
],
'project:custom/common/selectorNamingConvention/selectorNamingConvention.less':[
1,
4,
7,
10,
13,
16,
19,
22,
25,
],
'project:custom/common/semicolon-declaration/semicolonDeclaration.less':[
1,
5,
10,
17,
22,
28,
31,
42,
49,
57,
],
'project:custom/common/single-quotes/singleQuotes.less':[
3,
],
'project:custom/common/stylelint-disable/stylelintDisable.less':[
1,
1,
6,
6,
11,
12,
20,
20,
25,
26,
34,
34,
37,
],
'project:custom/common/stylelint-enable/stylelintEnable.less':[
1,
1,
6,
6,
11,
12,
20,
20,
25,
26,
34,
34,
37,
],
'project:custom/common/text-transform-uppercase/textTransformUppercase.less':[
3,
4,
5,
6,
],
'project:custom/common/todo/todoTagPresence.less':[
1,
1,
6,
6,
11,
12,
20,
20,
25,
26,
34,
34,
37,
39,
],
'project:custom/common/type-selector/typeSelector.less':[
5,
13,
17,
],
'project:custom/common/unit-regular-expression/unitRegularExpression.less':[
3,
4,
],
'project:custom/common/unknown-pseudo/unknownPseudo.less':[
7,
18,
],
'project:custom/common/unknown-type-selector/unknownTypeSelector.less':[
5,
25,
42,
],
'project:custom/common/unknown-type-selector/unknownTypeSelectorCustom.less':[
13,
17,
],
'project:custom/common/unquoted-font-family-names/unquotedFontFamilyNames.less':[
6,
7,
7,
8,
],
'project:custom/common/use-shorthand-properties/shorthand.less':[
1,
7,
15,
21,
29,
37,
37,
50,
58,
66,
74,
82,
90,
97,
104,
111,
118,
127,
138,
144,
150,
156,
163,
174,
181,
189,
201,
208,
215,
222,
229,
236,
245,
251,
251,
251,
259,
265,
271,
279,
279,
279,
291,
297,
303,
309,
315,
322,
330,
336,
345,
357,
365,
373,
379,
386,
392,
398,
],
'project:custom/common/validate-property-value/validatePropertyValue.less':[
2,
3,
],
'project:custom/less/custom/interpolatedProperties.less':[
8,
10,
],
'project:custom/less/experimentalFunctionUsage.less':[
2,
3,
4,
5,
6,
7,
10,
14,
18,
],
'project:custom/less/lessEscapingFunction.less':[
3,
4,
],
'project:custom/less/lessVariableNamingConvention.less':[
3,
4,
],
'project:custom/less/lessVariableNamingConventionCustomFormat.less':[
3,
4,
5,
],
'project:custom/less/multipleVariableDeclarationsSameScope.less':[
1,
5,
],
'project:custom/less/nestedRulesets/nestedRulesets.less':[
1,
18,
31,
47,
53,
69,
],
'project:custom/less/nestedRulesets/nestedRulesetsCustomThreshold.less':[
1,
13,
],
'project:custom/less/obsoleteFunctions.less':[
2,
2,
2,
3,
3,
3,
4,
5,
6,
7,
],
'project:custom/less/preferSingleLineComments.less':[
2,
4,
5,
],
'project:custom/less/unknownFunctions.less':[
2,
],
'project:custom/less/variableDeclarationFirst.less':[
19,
23,
24,
28,
],
}
