{
'project:custom/common/class-selector-naming-convention/selectorNamingConvention.less':[
10,
],
'project:custom/common/experimental-pseudo-usage/experimentalPseudoUsage.less':[
1,
5,
],
'project:custom/common/id-selector-naming-convention/selectorNamingConvention.less':[
1,
7,
10,
10,
13,
],
'project:custom/common/selectorNamingConvention/selectorNamingConvention.less':[
4,
16,
19,
22,
],
'project:custom/common/type-selector/typeSelector.less':[
9,
17,
],
'project:custom/less/experimentalFunctionUsage.less':[
19,
],
}
