{
'project:custom/common/experimental-pseudo-usage/experimentalPseudoUsage.less':[
1,
5,
9,
13,
17,
],
'project:custom/common/experimental-pseudo-usage/experimentalPseudoUsageExcludePseudos.less':[
1,
5,
9,
13,
],
'project:custom/common/unknown-pseudo/unknownPseudo.less':[
4,
14,
],
}
