{
'project:custom/common/duplicated-font-families/duplicatedFontFamilies.less':[
5,
10,
16,
18,
],
'project:custom/common/experimental-atrule-usage/experimentalAtRuleUsage.less':[
9,
14,
15,
17,
29,
33,
34,
61,
64,
],
'project:custom/common/experimental-atrule-usage/experimentalAtRuleUsageExcludeAtRules.less':[
4,
14,
17,
],
'project:custom/common/font-family-not-ending-with-generic-font-family/fontFamilyNotEndingWithGenericFontFamily.less':[
6,
],
'project:custom/common/properties/less/clip-path.less':[
4,
],
'project:custom/common/properties/less/font-family.less':[
5,
7,
7,
7,
10,
10,
10,
15,
15,
16,
16,
17,
17,
17,
18,
18,
19,
25,
26,
27,
],
'project:custom/common/properties/less/font-language-override.less':[
4,
],
'project:custom/common/properties/less/list-style-type.less':[
6,
],
'project:custom/common/properties/less/list-style.less':[
4,
5,
8,
],
'project:custom/common/properties/less/marker-end.less':[
4,
],
'project:custom/common/properties/less/marker-mid.less':[
4,
],
'project:custom/common/properties/less/marker-start.less':[
4,
],
'project:custom/common/properties/less/nav-down.less':[
5,
14,
],
'project:custom/common/properties/less/nav-left.less':[
5,
14,
],
'project:custom/common/properties/less/nav-right.less':[
5,
14,
],
'project:custom/common/properties/less/nav-up.less':[
5,
14,
],
'project:custom/common/properties/less/prefix.less':[
8,
],
'project:custom/common/properties/less/quotes.less':[
4,
4,
6,
6,
10,
10,
10,
11,
11,
11,
11,
11,
],
'project:custom/common/properties/less/suffix.less':[
8,
],
'project:custom/common/properties/less/symbols.less':[
8,
],
'project:custom/common/properties/less/text-overflow.less':[
5,
7,
7,
],
'project:custom/common/protocolRelativeUrl/protocolRelativeUrl.less':[
3,
],
'project:custom/common/quoted-generic-font-family-names/quotedGenericFontFamilyNames.less':[
4,
5,
5,
6,
6,
6,
12,
13,
13,
14,
14,
14,
],
'project:custom/common/quotedUrl/quotedUrl.less':[
3,
],
'project:custom/common/single-quotes/singleQuotes.less':[
3,
],
'project:custom/common/unquoted-font-family-names/unquotedFontFamilyNames.less':[
5,
8,
],
'project:custom/common/validate-property-value/validatePropertyValue.less':[
13,
],
'project:custom/less/custom/interpolatedProperties.less':[
10,
],
'project:custom/less/experimentalFunctionUsage.less':[
10,
14,
18,
],
'project:custom/less/lessEscapingFunction.less':[
3,
4,
],
'project:custom/less/unknownFunctions.less':[
8,
9,
],
'project:custom/less/variableDeclarationFirst.less':[
2,
],
}
