{
'project:custom/common/duplicated-properties/duplicatedProperties.less':[
80,
],
'project:custom/common/formatting/declaration.less':[
70,
],
'project:custom/less/multipleVariableDeclarationsSameScope.less':[
1,
5,
],
}
