{
'project:custom/common/case/case.less':[
3,
4,
5,
7,
9,
11,
14,
17,
21,
24,
27,
30,
33,
34,
],
'project:custom/common/deprecated-system-color/deprecatedSystemColor.less':[
9,
11,
],
'project:custom/common/do-not-use-shorthand-properties/doNotUseShorthandProperties.less':[
6,
7,
],
'project:custom/common/duplicated-properties/duplicatedProperties.less':[
23,
24,
25,
38,
],
'project:custom/common/experimental-property-usage/experimentalPropertyUsage.less':[
21,
],
'project:custom/common/properties/less/animation.less':[
15,
20,
],
'project:custom/common/properties/less/background-color.less':[
6,
8,
9,
10,
],
'project:custom/common/properties/less/border-bottom.less':[
16,
],
'project:custom/common/properties/less/caret-color.less':[
6,
8,
9,
10,
],
'project:custom/common/properties/less/color.less':[
6,
8,
10,
12,
13,
14,
],
'project:custom/common/properties/less/column-rule-color.less':[
6,
8,
9,
10,
],
'project:custom/common/properties/less/flood-color.less':[
6,
8,
9,
10,
],
'project:custom/common/properties/less/lighting-color.less':[
6,
8,
9,
10,
],
'project:custom/common/properties/less/stop-color.less':[
6,
8,
9,
10,
],
'project:custom/common/properties/less/text-decoration-color.less':[
6,
8,
9,
10,
],
'project:custom/common/properties/less/text-emphasis-color.less':[
6,
8,
9,
10,
],
'project:custom/common/unknown-pseudo/unknownPseudo.less':[
4,
],
'project:custom/common/unknown-type-selector/unknownTypeSelector.less':[
9,
],
'project:custom/common/unknown-type-selector/unknownTypeSelectorCustom.less':[
5,
],
'project:custom/less/experimentalFunctionUsage.less':[
2,
],
'project:custom/less/lessEscapingFunction.less':[
4,
],
'project:custom/less/obsoleteFunctions.less':[
6,
],
'project:custom/less/unknownFunctions.less':[
5,
],
}
