{
'project:custom/common/alphabetize-declarations/alphabetizeDeclarations.less':[
97,
103,
108,
113,
119,
125,
],
'project:custom/common/duplicated-properties/duplicatedProperties.less':[
73,
74,
75,
76,
],
'project:custom/common/formatting/declaration.less':[
62,
],
'project:custom/common/known-properties/knownProperties.less':[
7,
26,
30,
34,
],
'project:custom/common/use-shorthand-properties/shorthand.less':[
44,
51,
59,
67,
75,
83,
91,
98,
105,
112,
119,
128,
139,
145,
151,
157,
164,
175,
182,
190,
202,
209,
216,
223,
230,
237,
246,
252,
260,
266,
272,
280,
292,
298,
304,
310,
316,
323,
331,
337,
346,
358,
366,
374,
380,
387,
393,
399,
],
'project:custom/less/experimentalFunctionUsage.less':[
7,
],
'project:custom/less/experimentalFunctionUsageExcludeFunctions.less':[
4,
],
}
