{
'project:custom/common/experimental-atrule-usage/experimentalAtRuleUsage.less':[
1,
2,
4,
6,
12,
14,
60,
63,
],
'project:custom/common/experimental-atrule-usage/experimentalAtRuleUsageExcludeAtRules.less':[
1,
7,
13,
16,
],
'project:custom/less/experimentalFunctionUsage.less':[
10,
14,
18,
],
}
