{
'project:custom/common/experimental-atrule-usage/experimentalAtRuleUsage.less':[
15,
16,
17,
64,
],
'project:custom/common/experimental-atrule-usage/experimentalAtRuleUsageExcludeAtRules.less':[
17,
],
'project:custom/common/function-regular-expression/functionRegularExpression.less':[
4,
5,
],
'project:custom/common/properties/less/background-image.less':[
10,
11,
19,
20,
],
'project:custom/common/properties/less/content-zoom-snap-points.less':[
3,
4,
5,
6,
],
'project:custom/common/properties/less/position.less':[
9,
],
'project:custom/common/properties/less/scroll-snap-points-x.less':[
3,
4,
5,
6,
],
'project:custom/common/properties/less/scroll-snap-points-y.less':[
3,
4,
5,
6,
],
'project:custom/less/experimentalFunctionUsage.less':[
2,
3,
4,
5,
6,
7,
10,
14,
18,
],
'project:custom/less/experimentalFunctionUsageExcludeFunctions.less':[
2,
3,
4,
],
'project:custom/less/obsoleteFunctions.less':[
2,
3,
],
'project:custom/less/unknownFunctions.less':[
3,
6,
],
}
