{
'project:custom/common/comment-regular-expression/commentRegularExpression.less':[
0,
],
'project:custom/common/properties/less/alignment-baseline.less':[
0,
],
'project:custom/common/properties/less/animation-delay.less':[
0,
],
'project:custom/common/properties/less/animation-direction.less':[
0,
],
'project:custom/common/properties/less/animation-duration.less':[
0,
],
'project:custom/common/properties/less/animation-fill-mode.less':[
0,
],
'project:custom/common/properties/less/animation-iteration-count.less':[
0,
],
'project:custom/common/properties/less/animation-name.less':[
0,
],
'project:custom/common/properties/less/animation-play-state.less':[
0,
],
'project:custom/common/properties/less/animation-timing-function.less':[
0,
],
'project:custom/common/properties/less/backface-visibility.less':[
0,
],
'project:custom/common/properties/less/background-attachment.less':[
0,
],
'project:custom/common/properties/less/background-blend-mode.less':[
0,
],
'project:custom/common/properties/less/background-clip.less':[
0,
],
'project:custom/common/properties/less/background-color.less':[
0,
],
'project:custom/common/properties/less/background-origin.less':[
0,
],
'project:custom/common/properties/less/background-repeat.less':[
0,
],
'project:custom/common/properties/less/background-size.less':[
0,
],
'project:custom/common/properties/less/border-collapse.less':[
0,
],
'project:custom/common/properties/less/border-color.less':[
0,
],
'project:custom/common/properties/less/border-spacing.less':[
0,
],
'project:custom/common/properties/less/border-style.less':[
0,
],
'project:custom/common/properties/less/border-width.less':[
0,
],
'project:custom/common/properties/less/bottom.less':[
0,
],
'project:custom/common/properties/less/box-decoration-break.less':[
0,
],
'project:custom/common/properties/less/box-sizing.less':[
0,
],
'project:custom/common/properties/less/caption-side.less':[
0,
],
'project:custom/common/properties/less/clear.less':[
0,
],
'project:custom/common/properties/less/clip.less':[
0,
],
'project:custom/common/properties/less/color.less':[
0,
],
'project:custom/common/properties/less/column-rule-color.less':[
0,
],
'project:custom/common/properties/less/display.less':[
0,
],
'project:custom/common/properties/less/dominant-baseline.less':[
0,
],
'project:custom/common/properties/less/filter.less':[
0,
],
'project:custom/common/properties/less/flex-basis.less':[
0,
],
'project:custom/common/properties/less/flex-direction.less':[
0,
],
'project:custom/common/properties/less/flex-flow.less':[
0,
],
'project:custom/common/properties/less/flex-grow.less':[
0,
],
'project:custom/common/properties/less/flex-shrink.less':[
0,
],
'project:custom/common/properties/less/flex-wrap.less':[
0,
],
'project:custom/common/properties/less/float.less':[
0,
],
'project:custom/common/properties/less/font-size-adjust.less':[
0,
],
'project:custom/common/properties/less/font-size.less':[
0,
],
'project:custom/common/properties/less/font-style.less':[
0,
],
'project:custom/common/properties/less/font-weight.less':[
0,
],
'project:custom/common/properties/less/hanging-punctuation.less':[
0,
],
'project:custom/common/properties/less/hyphens.less':[
0,
],
'project:custom/common/properties/less/inline-box-align.less':[
0,
],
'project:custom/common/properties/less/isolation.less':[
0,
],
'project:custom/common/properties/less/left.less':[
0,
],
'project:custom/common/properties/less/line-break.less':[
0,
],
'project:custom/common/properties/less/line-height.less':[
0,
],
'project:custom/common/properties/less/list-style-image.less':[
0,
],
'project:custom/common/properties/less/list-style-position.less':[
0,
],
'project:custom/common/properties/less/margin.less':[
0,
],
'project:custom/common/properties/less/mask-border-mode.less':[
0,
],
'project:custom/common/properties/less/mask-border-source.less':[
0,
],
'project:custom/common/properties/less/mask-type.less':[
0,
],
'project:custom/common/properties/less/max-zoom.less':[
0,
],
'project:custom/common/properties/less/min-zoom.less':[
0,
],
'project:custom/common/properties/less/mix-blend-mode.less':[
0,
],
'project:custom/common/properties/less/opacity.less':[
0,
],
'project:custom/common/properties/less/order.less':[
0,
],
'project:custom/common/properties/less/orientation.less':[
0,
],
'project:custom/common/properties/less/outline-offset.less':[
0,
],
'project:custom/common/properties/less/overflow-y.less':[
0,
],
'project:custom/common/properties/less/overflow.less':[
0,
],
'project:custom/common/properties/less/padding.less':[
0,
],
'project:custom/common/properties/less/resize.less':[
0,
],
'project:custom/common/properties/less/right.less':[
0,
],
'project:custom/common/properties/less/shape-image-threshold.less':[
0,
],
'project:custom/common/properties/less/shape-margin.less':[
0,
],
'project:custom/common/properties/less/shape-outside.less':[
0,
],
'project:custom/common/properties/less/stroke-dashoffset.less':[
0,
],
'project:custom/common/properties/less/stroke-linecap.less':[
0,
],
'project:custom/common/properties/less/stroke-linejoin.less':[
0,
],
'project:custom/common/properties/less/stroke-miterlimit.less':[
0,
],
'project:custom/common/properties/less/stroke-width.less':[
0,
],
'project:custom/common/properties/less/tab-size.less':[
0,
],
'project:custom/common/properties/less/text-decoration-color.less':[
0,
],
'project:custom/common/properties/less/text-decoration-style.less':[
0,
],
'project:custom/common/properties/less/text-decoration.less':[
0,
],
'project:custom/common/properties/less/text-emphasis-color.less':[
0,
],
'project:custom/common/properties/less/text-height.less':[
0,
],
'project:custom/common/properties/less/text-justify.less':[
0,
],
'project:custom/common/properties/less/text-overflow.less':[
0,
],
'project:custom/common/properties/less/text-rendering.less':[
0,
],
'project:custom/common/properties/less/text-transform.less':[
0,
],
'project:custom/common/properties/less/top.less':[
0,
],
'project:custom/common/properties/less/transform-box.less':[
0,
],
'project:custom/common/properties/less/transform-style.less':[
0,
],
'project:custom/common/properties/less/transform.less':[
0,
],
'project:custom/common/properties/less/user-zoom.less':[
0,
],
'project:custom/common/properties/less/vertical-align.less':[
0,
],
'project:custom/common/properties/less/white-space.less':[
0,
],
'project:custom/common/properties/less/word-break.less':[
0,
],
'project:custom/common/properties/less/z-index.less':[
0,
],
'project:custom/common/properties/less/zoom.less':[
0,
],
}
