{
'project:custom/common/obsolete-pseudos/obsoletePseudos.less':[
1,
],
}
