{
'project:custom/common/display-property-grouping/displayProperty.less':[
4,
8,
15,
],
}
