{
'project:custom/common/class-selector-naming-convention/selectorNamingConvention.less':[
4,
7,
13,
13,
20,
21,
22,
],
'project:custom/common/id-selector-naming-convention/selectorNamingConvention.less':[
7,
10,
10,
],
'project:custom/common/selectorNamingConvention/selectorNamingConvention.less':[
10,
13,
19,
],
}
