{
'project:custom/common/duplicated-font-families/duplicatedFontFamilies.less':[
6,
7,
8,
],
'project:custom/common/font-family-not-ending-with-generic-font-family/fontFamilyNotEndingWithGenericFontFamily.less':[
5,
],
'project:custom/common/important/important.less':[
3,
4,
],
'project:custom/common/properties/less/animation.less':[
4,
13,
],
'project:custom/common/properties/less/background-size.less':[
29,
30,
31,
],
'project:custom/common/properties/less/border-image-outset.less':[
4,
11,
],
'project:custom/common/properties/less/border-image-repeat.less':[
7,
],
'project:custom/common/properties/less/border-image-width.less':[
5,
13,
],
'project:custom/common/properties/less/filter.less':[
21,
],
'project:custom/common/properties/less/font-family.less':[
18,
19,
20,
29,
],
'project:custom/common/properties/less/font-variation-settings.less':[
8,
11,
],
'project:custom/common/properties/less/text-wrap.less':[
7,
],
'project:custom/common/properties/less/will-change.less':[
6,
8,
],
'project:custom/common/properties/less/wrap-after.less':[
9,
],
'project:custom/common/properties/less/wrap-before.less':[
9,
],
'project:custom/common/text-transform-uppercase/textTransformUppercase.less':[
4,
5,
6,
],
'project:custom/less/experimentalFunctionUsage.less':[
11,
15,
],
}
