{
'project:custom/common/alphabetize-declarations/alphabetizeDeclarations.less':[
2,
],
'project:custom/common/at-rule-regular-expression/atRuleRegularExpression.less':[
4,
8,
],
'project:custom/common/case/case.less':[
21,
23,
24,
26,
27,
29,
30,
],
'project:custom/common/class-selector-naming-convention/selectorNamingConvention.less':[
1,
4,
7,
10,
13,
16,
],
'project:custom/common/experimental-selector-combinator-usage/experimentalSelectorCombinatorUsage.less':[
1,
5,
8,
11,
14,
17,
20,
],
'project:custom/common/formatting/delimiterSeparatedList.less':[
32,
33,
34,
36,
37,
38,
40,
43,
47,
48,
49,
50,
55,
56,
57,
58,
59,
60,
],
'project:custom/common/id-selector-naming-convention/selectorNamingConvention.less':[
1,
4,
7,
10,
13,
],
'project:custom/common/selectorNamingConvention/selectorNamingConvention.less':[
1,
4,
7,
10,
13,
16,
19,
22,
25,
],
'project:custom/common/semicolon-declaration/semicolonDeclaration.less':[
2,
],
'project:custom/common/unknown-pseudo/unknownPseudo.less':[
1,
4,
7,
],
}
