{
'project:custom/common/important/important.less':[
4,
],
'project:custom/common/unknown-type-selector/unknownTypeSelector.less':[
5,
25,
],
'project:custom/common/unknown-type-selector/unknownTypeSelectorCustom.less':[
13,
17,
],
}
