{
'project:custom/common/case/case.scss':[
10,
10,
11,
11,
],
'project:custom/common/deprecated-system-color/deprecatedSystemColor.scss':[
12,
13,
13,
14,
14,
15,
15,
15,
],
'project:custom/common/duplicated-font-families/duplicatedFontFamilies.scss':[
7,
8,
],
'project:custom/common/experimental-pseudo-usage/experimentalPseudoUsage.scss':[
29,
],
'project:custom/common/formatting/declaration.scss':[
6,
10,
14,
18,
22,
24,
26,
36,
40,
44,
48,
52,
54,
56,
62,
66,
70,
71,
72,
74,
76,
],
'project:custom/common/formatting/delimiterSeparatedList.scss':[
4,
5,
7,
10,
11,
12,
13,
14,
14,
18,
19,
21,
24,
25,
26,
27,
28,
28,
29,
34,
37,
38,
41,
45,
47,
48,
49,
50,
50,
61,
62,
63,
63,
69,
70,
71,
71,
77,
78,
79,
79,
84,
85,
86,
86,
89,
90,
91,
91,
],
'project:custom/common/important-position/importantPosition.scss':[
6,
7,
11,
12,
],
'project:custom/common/named-color/namedColor.scss':[
1,
],
'project:custom/common/properties/scss/animation-timing-function.scss':[
11,
11,
11,
],
'project:custom/common/properties/scss/background-color.scss':[
12,
13,
13,
14,
14,
15,
15,
15,
],
'project:custom/common/properties/scss/border-bottom-color.scss':[
4,
4,
],
'project:custom/common/properties/scss/border-bottom.scss':[
8,
8,
26,
26,
],
'project:custom/common/properties/scss/border-left-color.scss':[
4,
4,
],
'project:custom/common/properties/scss/border-left.scss':[
8,
8,
],
'project:custom/common/properties/scss/border-right-color.scss':[
4,
4,
],
'project:custom/common/properties/scss/border-right.scss':[
8,
8,
],
'project:custom/common/properties/scss/border-top-color.scss':[
4,
4,
],
'project:custom/common/properties/scss/border-top.scss':[
8,
8,
],
'project:custom/common/properties/scss/border.scss':[
8,
8,
],
'project:custom/common/properties/scss/caret-color.scss':[
12,
13,
13,
14,
14,
15,
15,
15,
],
'project:custom/common/properties/scss/clip.scss':[
3,
3,
3,
],
'project:custom/common/properties/scss/color.scss':[
16,
17,
17,
18,
18,
19,
19,
19,
],
'project:custom/common/properties/scss/column-rule-color.scss':[
12,
13,
13,
14,
14,
15,
15,
15,
],
'project:custom/common/properties/scss/cursor.scss':[
41,
42,
],
'project:custom/common/properties/scss/flood-color.scss':[
12,
13,
13,
14,
14,
15,
15,
15,
],
'project:custom/common/properties/scss/lighting-color.scss':[
12,
13,
13,
14,
14,
15,
15,
15,
],
'project:custom/common/properties/scss/outline-color.scss':[
4,
4,
],
'project:custom/common/properties/scss/outline.scss':[
8,
8,
],
'project:custom/common/properties/scss/stop-color.scss':[
12,
13,
13,
14,
14,
15,
15,
15,
],
'project:custom/common/properties/scss/tansition-timing-function.scss':[
11,
11,
11,
],
'project:custom/common/properties/scss/text-decoration-color.scss':[
12,
13,
13,
14,
14,
15,
15,
15,
],
'project:custom/common/properties/scss/text-emphasis-color.scss':[
12,
13,
13,
14,
14,
15,
15,
15,
],
}
