{
'project:custom/common/duplicated-font-families/duplicatedFontFamilies.scss':[
5,
10,
16,
18,
],
'project:custom/common/experimental-atrule-usage/experimentalAtRuleUsage.scss':[
9,
14,
15,
17,
57,
58,
85,
88,
],
'project:custom/common/experimental-atrule-usage/experimentalAtRuleUsageExcludeAtRules.scss':[
4,
14,
17,
],
'project:custom/common/font-family-not-ending-with-generic-font-family/fontFamilyNotEndingWithGenericFontFamily.scss':[
6,
],
'project:custom/common/properties/scss/clip-path.scss':[
4,
],
'project:custom/common/properties/scss/font-display.scss':[
9,
],
'project:custom/common/properties/scss/font-family.scss':[
5,
7,
7,
7,
10,
10,
10,
15,
15,
16,
16,
17,
17,
17,
18,
18,
19,
25,
26,
27,
],
'project:custom/common/properties/scss/font-language-override.scss':[
4,
],
'project:custom/common/properties/scss/list-style-type.scss':[
6,
],
'project:custom/common/properties/scss/list-style.scss':[
4,
5,
],
'project:custom/common/properties/scss/marker-end.scss':[
4,
],
'project:custom/common/properties/scss/marker-mid.scss':[
4,
],
'project:custom/common/properties/scss/marker-start.scss':[
4,
],
'project:custom/common/properties/scss/nav-down.scss':[
5,
14,
],
'project:custom/common/properties/scss/nav-left.scss':[
5,
14,
],
'project:custom/common/properties/scss/nav-right.scss':[
5,
14,
],
'project:custom/common/properties/scss/nav-up.scss':[
5,
14,
],
'project:custom/common/properties/scss/prefix.scss':[
8,
],
'project:custom/common/properties/scss/quotes.scss':[
4,
4,
6,
6,
10,
10,
10,
11,
11,
11,
11,
11,
],
'project:custom/common/properties/scss/suffix.scss':[
8,
],
'project:custom/common/properties/scss/symbols.scss':[
8,
],
'project:custom/common/properties/scss/text-overflow.scss':[
5,
7,
7,
],
'project:custom/common/quoted-generic-font-family-names/quotedGenericFontFamilyNames.scss':[
4,
5,
5,
6,
6,
6,
12,
13,
13,
14,
14,
14,
],
'project:custom/common/single-quotes/singleQuotes.scss':[
3,
8,
],
'project:custom/common/unquoted-font-family-names/unquotedFontFamilyNames.scss':[
5,
8,
10,
],
'project:custom/scss/branchSameImplementation.scss':[
2,
4,
6,
10,
12,
14,
],
'project:custom/scss/custom-function-naming-convention/customFunctionNamingConvention.scss':[
2,
6,
],
'project:custom/scss/custom-function-naming-convention/customFunctionNamingConventionCustomFormat.scss':[
2,
6,
],
'project:custom/scss/debug.scss':[
1,
2,
5,
9,
11,
],
'project:custom/scss/deprecatedUnescapedString.scss':[
1,
3,
8,
],
'project:custom/scss/emptyControlFlowDirective.scss':[
2,
4,
6,
10,
14,
18,
],
'project:custom/scss/ifElseIfSameCondition.scss':[
2,
6,
8,
12,
14,
16,
20,
22,
24,
28,
30,
32,
34,
38,
40,
43,
45,
],
'project:custom/scss/ifElseIfWithoutElse.scss':[
2,
6,
8,
12,
14,
16,
20,
22,
26,
28,
30,
34,
36,
39,
41,
],
'project:custom/scss/nested-control-flow-directives/nestedControlFlowDirectives.scss':[
4,
13,
16,
19,
29,
32,
40,
43,
51,
54,
],
'project:custom/scss/nested-control-flow-directives/nestedControlFlowDirectivesCustomThreshold.scss':[
3,
10,
13,
16,
],
'project:custom/scss/throughInsteadOfTo.scss':[
2,
6,
],
'project:custom/scss/too-complex-condition/tooComplexConditionCustom.scss':[
2,
6,
10,
14,
],
'project:custom/scss/too-complex-condition/tooComplexConditionDefault.scss':[
2,
6,
10,
14,
],
}
