{
'project:custom/common/duplicated-font-families/duplicatedFontFamilies.scss':[
6,
7,
8,
],
'project:custom/common/font-family-not-ending-with-generic-font-family/fontFamilyNotEndingWithGenericFontFamily.scss':[
5,
],
'project:custom/common/important-position/importantPosition.scss':[
1,
2,
5,
6,
7,
8,
9,
10,
11,
12,
13,
],
'project:custom/common/properties/scss/animation.scss':[
4,
13,
],
'project:custom/common/properties/scss/background-size.scss':[
30,
31,
32,
],
'project:custom/common/properties/scss/border-image-outset.scss':[
4,
11,
],
'project:custom/common/properties/scss/border-image-repeat.scss':[
7,
],
'project:custom/common/properties/scss/border-image-width.scss':[
5,
13,
],
'project:custom/common/properties/scss/filter.scss':[
17,
],
'project:custom/common/properties/scss/font-family.scss':[
18,
19,
20,
29,
],
'project:custom/common/properties/scss/font-variation-settings.scss':[
8,
11,
],
'project:custom/common/properties/scss/text-wrap.scss':[
7,
],
'project:custom/common/properties/scss/will-change.scss':[
6,
8,
],
'project:custom/common/properties/scss/wrap-after.scss':[
9,
],
'project:custom/common/properties/scss/wrap-before.scss':[
9,
],
'project:custom/common/text-transform-uppercase/textTransformUppercase.scss':[
4,
5,
6,
],
}
