{
'project:custom/common/experimental-selector-combinator-usage/experimentalSelectorCombinatorUsage.scss':[
1,
5,
],
'project:custom/common/obsolete-selector-combinator-usage/obsoleteSelectorCombinatorUsage.scss':[
1,
4,
],
}
