{
'project:custom/common/obsolete-pseudos/obsoletePseudos.scss':[
1,
5,
],
}
