{
'project:custom/common/experimental-pseudo-usage/experimentalPseudoUsage.scss':[
1,
5,
9,
13,
17,
],
'project:custom/common/experimental-pseudo-usage/experimentalPseudoUsageExcludePseudos.scss':[
1,
5,
9,
13,
],
'project:custom/common/unknown-pseudo/unknownPseudo.scss':[
7,
17,
],
}
