{
'project:custom/common/alphabetize-declarations/alphabetizeDeclarations.scss':[
53,
59,
65,
71,
87,
101,
106,
111,
137,
150,
157,
162,
171,
],
'project:custom/common/box-model/boxModel.scss':[
23,
],
'project:custom/common/case/case.scss':[
1,
32,
36,
],
'project:custom/common/display-property-grouping/displayProperty.scss':[
1,
7,
34,
],
'project:custom/common/do-not-use-shorthand-properties/doNotUseShorthandProperties.scss':[
1,
],
'project:custom/common/duplicated-properties/duplicatedProperties.scss':[
12,
35,
43,
50,
57,
],
'project:custom/common/experimental-property-usage/experimentalPropertyUsageExcludeProperties.scss':[
1,
],
'project:custom/common/font-family-not-ending-with-generic-font-family/fontFamilyNotEndingWithGenericFontFamily.scss':[
17,
],
'project:custom/common/formatting/delimiterSeparatedList.scss':[
1,
],
'project:custom/common/important-position/importantPosition.scss':[
4,
],
'project:custom/common/properties/scss/pause.scss':[
1,
],
'project:custom/common/properties/scss/rest.scss':[
1,
],
'project:custom/common/property-regular-expression/propertyRegularExpression.scss':[
1,
],
'project:custom/common/semicolon-declaration/semicolonDeclaration.scss':[
53,
],
'project:custom/common/use-shorthand-properties/shorthand.scss':[
24,
32,
46,
54,
62,
75,
83,
91,
99,
107,
143,
152,
181,
188,
199,
206,
214,
226,
233,
240,
247,
254,
261,
270,
276,
284,
290,
296,
303,
321,
339,
346,
360,
369,
381,
389,
397,
403,
],
'project:custom/scss/atLeastTwoNestedProperties.scss':[
13,
],
}
