{
'project:custom/common/alphabetize-declarations/alphabetizeDeclarations.scss':[
2,
6,
11,
17,
24,
31,
47,
53,
59,
65,
80,
87,
96,
101,
117,
124,
156,
],
'project:custom/common/case/case.scss':[
23,
24,
26,
27,
29,
30,
],
'project:custom/common/class-selector-naming-convention/selectorNamingConvention.scss':[
10,
13,
],
'project:custom/common/display-property-grouping/displayProperty.scss':[
30,
],
'project:custom/common/experimental-atrule-usage/experimentalAtRuleUsage.scss':[
19,
66,
],
'project:custom/common/experimental-pseudo-usage/experimentalPseudoUsage.scss':[
1,
9,
13,
21,
25,
],
'project:custom/common/experimental-pseudo-usage/experimentalPseudoUsageExcludePseudos.scss':[
5,
21,
25,
],
'project:custom/common/experimental-selector-combinator-usage/experimentalSelectorCombinatorUsage.scss':[
1,
1,
5,
5,
8,
8,
11,
11,
14,
17,
17,
20,
20,
],
'project:custom/common/formatting/delimiterSeparatedList.scss':[
32,
33,
34,
],
'project:custom/common/id-selector-naming-convention/selectorNamingConvention.scss':[
4,
7,
],
'project:custom/common/known-properties/knownProperties.scss':[
2,
6,
11,
16,
21,
25,
29,
34,
38,
46,
],
'project:custom/common/obsolete-pseudos/obsoletePseudos.scss':[
9,
],
'project:custom/common/obsolete-selector-combinator-usage/obsoleteSelectorCombinatorUsage.scss':[
1,
1,
4,
4,
7,
7,
10,
10,
13,
13,
16,
16,
],
'project:custom/common/semicolon-declaration/semicolonDeclaration.scss':[
2,
6,
11,
16,
20,
25,
],
'project:custom/common/stylelint-disable/stylelintDisable.scss':[
2,
7,
16,
21,
29,
33,
38,
],
'project:custom/common/stylelint-enable/stylelintEnable.scss':[
2,
7,
16,
21,
29,
33,
38,
],
'project:custom/common/type-selector/typeSelector.scss':[
5,
13,
17,
],
'project:custom/common/unknown-pseudo/unknownPseudo.scss':[
4,
7,
10,
13,
17,
21,
25,
],
'project:custom/common/unknown-type-selector/unknownTypeSelector.scss':[
1,
5,
9,
13,
21,
22,
25,
42,
],
'project:custom/common/unknown-type-selector/unknownTypeSelectorCustom.scss':[
1,
5,
9,
13,
17,
],
'project:custom/scss/placeholder-selector-naming-convention/selectorNamingConvention.scss':[
1,
4,
],
'project:custom/scss/placeholder-selector-naming-convention/selectorNamingConventionCustomFormat.scss':[
1,
4,
],
}
