{
'project:custom/common/unknown-type-selector/unknownTypeSelector.scss':[
9,
25,
],
'project:custom/common/unknown-type-selector/unknownTypeSelectorCustom.scss':[
13,
17,
],
}
