{
'project:custom/common/alphabetize-declarations/alphabetizeDeclarations.scss':[
1,
5,
10,
16,
23,
30,
37,
46,
53,
59,
65,
71,
79,
87,
95,
101,
106,
111,
116,
123,
130,
137,
143,
150,
157,
162,
171,
],
'project:custom/common/at-rule-regular-expression/atRuleRegularExpression.scss':[
1,
3,
4,
],
'project:custom/common/box-model/boxModel.scss':[
16,
17,
22,
29,
35,
36,
41,
47,
48,
53,
54,
59,
65,
71,
77,
83,
89,
95,
101,
102,
107,
108,
],
'project:custom/common/case/case.scss':[
3,
4,
5,
7,
9,
11,
14,
17,
21,
24,
27,
30,
33,
34,
],
'project:custom/common/class-selector-naming-convention/selectorNamingConvention.scss':[
1,
4,
7,
10,
13,
13,
16,
],
'project:custom/common/comment-regular-expression/commentRegularExpression.scss':[
1,
3,
4,
],
'project:custom/common/deprecated-system-color/deprecatedSystemColor.scss':[
22,
23,
],
'project:custom/common/display-property-grouping/displayProperty.scss':[
4,
8,
15,
18,
24,
],
'project:custom/common/do-not-use-shorthand-properties/doNotUseShorthandProperties.scss':[
2,
3,
4,
5,
6,
7,
8,
9,
],
'project:custom/common/duplicated-font-families/duplicatedFontFamilies.scss':[
7,
8,
9,
10,
11,
12,
13,
15,
20,
],
'project:custom/common/duplicated-properties/duplicatedProperties.scss':[
2,
7,
13,
15,
22,
28,
34,
44,
52,
71,
79,
90,
96,
],
'project:custom/common/experimental-property-usage/experimentalPropertyUsage.scss':[
3,
4,
5,
6,
7,
8,
9,
10,
11,
12,
13,
14,
15,
16,
17,
18,
19,
20,
21,
22,
32,
35,
36,
37,
],
'project:custom/common/experimental-property-usage/experimentalPropertyUsageExcludeProperties.scss':[
5,
],
'project:custom/common/experimental-pseudo-usage/experimentalPseudoUsage.scss':[
1,
5,
9,
13,
17,
],
'project:custom/common/experimental-selector-combinator-usage/experimentalSelectorCombinatorUsage.scss':[
1,
5,
],
'project:custom/common/font-family-not-ending-with-generic-font-family/fontFamilyNotEndingWithGenericFontFamily.scss':[
9,
10,
11,
12,
],
'project:custom/common/formatting/declaration.scss':[
2,
6,
10,
14,
18,
22,
24,
26,
32,
36,
40,
44,
48,
52,
54,
56,
62,
66,
70,
71,
72,
74,
76,
],
'project:custom/common/formatting/delimiterSeparatedList.scss':[
4,
5,
7,
10,
11,
12,
13,
14,
14,
18,
19,
21,
24,
25,
26,
27,
28,
28,
29,
34,
37,
38,
41,
45,
47,
48,
49,
50,
50,
54,
61,
62,
63,
63,
69,
70,
71,
71,
77,
78,
79,
79,
84,
85,
86,
86,
89,
90,
91,
91,
],
'project:custom/common/function-regular-expression/functionRegularExpression.scss':[
2,
4,
5,
],
'project:custom/common/id-selector-naming-convention/selectorNamingConvention.scss':[
1,
4,
7,
10,
10,
13,
],
'project:custom/common/important-position/importantPosition.scss':[
10,
11,
12,
],
'project:custom/common/known-properties/knownProperties.scss':[
1,
7,
10,
15,
20,
26,
30,
40,
41,
],
'project:custom/common/named-color/namedColor.scss':[
1,
2,
7,
],
'project:custom/common/number-precision/numberPrecision.scss':[
8,
9,
10,
11,
12,
13,
],
'project:custom/common/obsolete-pseudos/obsoletePseudos.scss':[
1,
5,
],
'project:custom/common/obsolete-selector-combinator-usage/obsoleteSelectorCombinatorUsage.scss':[
7,
10,
],
'project:custom/common/properties/scss/accelerator.scss':[
5,
6,
7,
],
'project:custom/common/properties/scss/align-content.scss':[
19,
20,
21,
22,
23,
24,
],
'project:custom/common/properties/scss/align-items.scss':[
15,
16,
17,
19,
21,
22,
23,
25,
],
'project:custom/common/properties/scss/align-self.scss':[
16,
18,
19,
20,
21,
],
'project:custom/common/properties/scss/alignment-baseline.scss':[
16,
17,
18,
19,
20,
21,
],
'project:custom/common/properties/scss/all.scss':[
6,
7,
8,
9,
],
'project:custom/common/properties/scss/animation-delay.scss':[
7,
8,
9,
],
'project:custom/common/properties/scss/animation-direction.scss':[
7,
8,
9,
],
'project:custom/common/properties/scss/animation-duration.scss':[
5,
7,
8,
9,
],
'project:custom/common/properties/scss/animation-fill-mode.scss':[
7,
8,
],
'project:custom/common/properties/scss/animation-iteration-count.scss':[
7,
8,
],
'project:custom/common/properties/scss/animation-name.scss':[
4,
5,
],
'project:custom/common/properties/scss/animation-play-state.scss':[
5,
6,
],
'project:custom/common/properties/scss/animation-timing-function.scss':[
12,
13,
14,
15,
],
'project:custom/common/properties/scss/animation.scss':[
14,
15,
17,
20,
],
'project:custom/common/properties/scss/backface-visibility.scss':[
5,
6,
7,
],
'project:custom/common/properties/scss/background-attachment.scss':[
8,
9,
],
'project:custom/common/properties/scss/background-blend-mode.scss':[
19,
20,
21,
25,
],
'project:custom/common/properties/scss/background-clip.scss':[
6,
7,
],
'project:custom/common/properties/scss/background-color.scss':[
9,
10,
11,
],
'project:custom/common/properties/scss/background-image.scss':[
7,
8,
],
'project:custom/common/properties/scss/background-origin.scss':[
6,
7,
],
'project:custom/common/properties/scss/background-position-x.scss':[
11,
12,
],
'project:custom/common/properties/scss/background-position-y.scss':[
11,
12,
],
'project:custom/common/properties/scss/background-position.scss':[
12,
13,
14,
18,
19,
24,
29,
30,
31,
32,
33,
34,
37,
38,
39,
],
'project:custom/common/properties/scss/background-repeat.scss':[
16,
17,
18,
19,
20,
21,
22,
23,
24,
],
'project:custom/common/properties/scss/background-size.scss':[
19,
20,
21,
22,
23,
24,
25,
26,
27,
28,
],
'project:custom/common/properties/scss/baseline-shift.scss':[
9,
10,
],
'project:custom/common/properties/scss/block-progression.scss':[
7,
8,
],
'project:custom/common/properties/scss/border-bottom-color.scss':[
5,
6,
],
'project:custom/common/properties/scss/border-bottom-left-radius.scss':[
7,
8,
9,
10,
11,
12,
],
'project:custom/common/properties/scss/border-bottom-right-radius.scss':[
7,
8,
9,
10,
11,
12,
],
'project:custom/common/properties/scss/border-bottom-style.scss':[
11,
12,
],
'project:custom/common/properties/scss/border-bottom-width.scss':[
7,
8,
],
'project:custom/common/properties/scss/border-bottom.scss':[
9,
10,
11,
27,
28,
31,
],
'project:custom/common/properties/scss/border-collapse.scss':[
5,
6,
],
'project:custom/common/properties/scss/border-color.scss':[
7,
12,
],
'project:custom/common/properties/scss/border-image-outset.scss':[
12,
13,
14,
15,
16,
],
'project:custom/common/properties/scss/border-image-repeat.scss':[
9,
10,
11,
],
'project:custom/common/properties/scss/border-image-width.scss':[
14,
15,
16,
17,
18,
19,
],
'project:custom/common/properties/scss/border-left-color.scss':[
5,
6,
],
'project:custom/common/properties/scss/border-left-style.scss':[
11,
12,
],
'project:custom/common/properties/scss/border-left-width.scss':[
7,
8,
],
'project:custom/common/properties/scss/border-left.scss':[
9,
10,
11,
],
'project:custom/common/properties/scss/border-radius.scss':[
13,
14,
],
'project:custom/common/properties/scss/border-right-color.scss':[
5,
6,
],
'project:custom/common/properties/scss/border-right-style.scss':[
11,
12,
],
'project:custom/common/properties/scss/border-right-width.scss':[
7,
8,
],
'project:custom/common/properties/scss/border-right.scss':[
9,
10,
11,
],
'project:custom/common/properties/scss/border-spacing.scss':[
5,
6,
7,
],
'project:custom/common/properties/scss/border-style.scss':[
7,
9,
10,
],
'project:custom/common/properties/scss/border-top-color.scss':[
5,
6,
],
'project:custom/common/properties/scss/border-top-left-radius.scss':[
7,
8,
9,
10,
11,
12,
],
'project:custom/common/properties/scss/border-top-right-radius.scss':[
7,
8,
9,
10,
11,
12,
],
'project:custom/common/properties/scss/border-top-style.scss':[
11,
12,
],
'project:custom/common/properties/scss/border-top-width.scss':[
7,
8,
],
'project:custom/common/properties/scss/border-top.scss':[
9,
10,
11,
],
'project:custom/common/properties/scss/border-width.scss':[
7,
9,
11,
12,
],
'project:custom/common/properties/scss/border.scss':[
9,
10,
13,
],
'project:custom/common/properties/scss/bottom.scss':[
8,
9,
],
'project:custom/common/properties/scss/box-decoration-break.scss':[
5,
6,
],
'project:custom/common/properties/scss/box-sizing.scss':[
6,
7,
],
'project:custom/common/properties/scss/box-snap.scss':[
9,
10,
11,
],
'project:custom/common/properties/scss/box-suppress.scss':[
6,
8,
],
'project:custom/common/properties/scss/break-after.scss':[
16,
17,
18,
],
'project:custom/common/properties/scss/break-before.scss':[
16,
17,
18,
],
'project:custom/common/properties/scss/break-inside.scss':[
8,
9,
10,
],
'project:custom/common/properties/scss/caption-side.scss':[
9,
10,
11,
],
'project:custom/common/properties/scss/caret-color.scss':[
9,
10,
11,
],
'project:custom/common/properties/scss/caret-shape.scss':[
7,
8,
],
'project:custom/common/properties/scss/clear.scss':[
7,
8,
],
'project:custom/common/properties/scss/clip-path.scss':[
13,
14,
15,
],
'project:custom/common/properties/scss/clip-rule.scss':[
5,
6,
],
'project:custom/common/properties/scss/clip.scss':[
5,
6,
],
'project:custom/common/properties/scss/color-interpolation-filters.scss':[
8,
9,
],
'project:custom/common/properties/scss/color-interpolation.scss':[
8,
9,
],
'project:custom/common/properties/scss/color-profile.scss':[
6,
7,
],
'project:custom/common/properties/scss/color-rendering.scss':[
8,
9,
],
'project:custom/common/properties/scss/color.scss':[
13,
14,
15,
],
'project:custom/common/properties/scss/column-count.scss':[
6,
7,
8,
],
'project:custom/common/properties/scss/column-fill.scss':[
6,
7,
8,
],
'project:custom/common/properties/scss/column-gap.scss':[
6,
7,
8,
],
'project:custom/common/properties/scss/column-rule-color.scss':[
9,
10,
11,
],
'project:custom/common/properties/scss/column-rule-style.scss':[
11,
12,
],
'project:custom/common/properties/scss/column-rule-width.scss':[
7,
8,
],
'project:custom/common/properties/scss/column-span.scss':[
5,
6,
7,
],
'project:custom/common/properties/scss/column-width.scss':[
10,
11,
12,
],
'project:custom/common/properties/scss/content-zoom-chaining.scss':[
5,
6,
],
'project:custom/common/properties/scss/content-zoom-limit-max.scss':[
5,
6,
],
'project:custom/common/properties/scss/content-zoom-limit-min.scss':[
5,
6,
],
'project:custom/common/properties/scss/content-zoom-limit.scss':[
6,
7,
8,
],
'project:custom/common/properties/scss/content-zoom-snap-points.scss':[
7,
8,
],
'project:custom/common/properties/scss/content-zoom-snap-type.scss':[
6,
7,
],
'project:custom/common/properties/scss/content-zooming.scss':[
5,
6,
],
'project:custom/common/properties/scss/counter-increment.scss':[
10,
11,
12,
13,
],
'project:custom/common/properties/scss/counter-reset.scss':[
10,
11,
12,
13,
],
'project:custom/common/properties/scss/cue-after.scss':[
5,
6,
],
'project:custom/common/properties/scss/cue-before.scss':[
5,
6,
],
'project:custom/common/properties/scss/cue.scss':[
5,
6,
8,
11,
],
'project:custom/common/properties/scss/cursor.scss':[
43,
44,
45,
47,
51,
52,
53,
],
'project:custom/common/properties/scss/device-pixel-ratio.scss':[
7,
8,
],
'project:custom/common/properties/scss/direction.scss':[
5,
6,
],
'project:custom/common/properties/scss/display.scss':[
29,
30,
],
'project:custom/common/properties/scss/dominant-baseline.scss':[
12,
13,
14,
],
'project:custom/common/properties/scss/empty-cells.scss':[
5,
6,
],
'project:custom/common/properties/scss/fallback.scss':[
5,
6,
7,
8,
9,
],
'project:custom/common/properties/scss/fill-opacity.scss':[
7,
8,
9,
],
'project:custom/common/properties/scss/fill-rule.scss':[
5,
6,
],
'project:custom/common/properties/scss/filter.scss':[
12,
13,
],
'project:custom/common/properties/scss/flex-basis.scss':[
9,
10,
],
'project:custom/common/properties/scss/flex-direction.scss':[
7,
8,
],
'project:custom/common/properties/scss/flex-flow.scss':[
12,
13,
14,
15,
],
'project:custom/common/properties/scss/flex-grow.scss':[
6,
7,
8,
],
'project:custom/common/properties/scss/flex-shrink.scss':[
6,
7,
8,
],
'project:custom/common/properties/scss/flex-wrap.scss':[
6,
7,
],
'project:custom/common/properties/scss/float-defer.scss':[
8,
9,
],
'project:custom/common/properties/scss/float-offset.scss':[
8,
9,
],
'project:custom/common/properties/scss/float-reference.scss':[
7,
8,
],
'project:custom/common/properties/scss/float.scss':[
6,
7,
],
'project:custom/common/properties/scss/flood-color.scss':[
9,
10,
11,
],
'project:custom/common/properties/scss/flood-opacity.scss':[
7,
8,
9,
],
'project:custom/common/properties/scss/font-family.scss':[
11,
12,
14,
15,
16,
17,
29,
],
'project:custom/common/properties/scss/font-language-override.scss':[
6,
7,
8,
],
'project:custom/common/properties/scss/font-size-adjust.scss':[
6,
7,
],
'project:custom/common/properties/scss/font-size.scss':[
17,
18,
19,
20,
],
'project:custom/common/properties/scss/font-stretch.scss':[
14,
15,
16,
],
'project:custom/common/properties/scss/font-style.scss':[
6,
7,
],
'project:custom/common/properties/scss/font-synthesis.scss':[
8,
9,
10,
11,
12,
13,
],
'project:custom/common/properties/scss/font-variant-caps.scss':[
10,
11,
12,
],
'project:custom/common/properties/scss/font-variant-position.scss':[
6,
7,
8,
],
'project:custom/common/properties/scss/font-weight.scss':[
16,
17,
],
'project:custom/common/properties/scss/footnote-display.scss':[
6,
7,
],
'project:custom/common/properties/scss/footnote-policy.scss':[
6,
7,
],
'project:custom/common/properties/scss/hanging-punctuation.scss':[
8,
9,
10,
16,
17,
],
'project:custom/common/properties/scss/height.scss':[
8,
9,
],
'project:custom/common/properties/scss/high-contrast-adjust.scss':[
5,
6,
],
'project:custom/common/properties/scss/high-contrast.scss':[
6,
7,
8,
],
'project:custom/common/properties/scss/hyphens.scss':[
6,
7,
],
'project:custom/common/properties/scss/image-rendering.scss':[
6,
7,
8,
],
'project:custom/common/properties/scss/inline-box-align.scss':[
7,
8,
],
'project:custom/common/properties/scss/isolation.scss':[
5,
6,
7,
],
'project:custom/common/properties/scss/justify-content.scss':[
17,
18,
19,
20,
21,
],
'project:custom/common/properties/scss/justify-items.scss':[
18,
20,
21,
22,
23,
],
'project:custom/common/properties/scss/justify-self.scss':[
18,
19,
20,
21,
],
'project:custom/common/properties/scss/kerning.scss':[
6,
7,
],
'project:custom/common/properties/scss/layout-flow.scss':[
5,
6,
],
'project:custom/common/properties/scss/layout-grid-char.scss':[
9,
10,
],
'project:custom/common/properties/scss/layout-grid-line.scss':[
7,
8,
9,
],
'project:custom/common/properties/scss/layout-grid-mode.scss':[
7,
8,
9,
],
'project:custom/common/properties/scss/layout-grid-type.scss':[
6,
7,
8,
],
'project:custom/common/properties/scss/left.scss':[
8,
9,
],
'project:custom/common/properties/scss/letter-spacing.scss':[
6,
7,
],
'project:custom/common/properties/scss/lighting-color.scss':[
9,
10,
11,
],
'project:custom/common/properties/scss/line-break.scss':[
7,
8,
],
'project:custom/common/properties/scss/line-grid.scss':[
5,
6,
7,
],
'project:custom/common/properties/scss/line-height.scss':[
4,
8,
9,
10,
11,
12,
],
'project:custom/common/properties/scss/line-snap.scss':[
6,
7,
8,
],
'project:custom/common/properties/scss/list-style-image.scss':[
7,
8,
],
'project:custom/common/properties/scss/list-style-position.scss':[
5,
6,
],
'project:custom/common/properties/scss/list-style-type.scss':[
7,
8,
],
'project:custom/common/properties/scss/list-style.scss':[
8,
9,
],
'project:custom/common/properties/scss/margin-bottom.scss':[
8,
9,
],
'project:custom/common/properties/scss/margin-left.scss':[
8,
9,
],
'project:custom/common/properties/scss/margin-right.scss':[
8,
9,
],
'project:custom/common/properties/scss/margin-top.scss':[
8,
9,
],
'project:custom/common/properties/scss/margin.scss':[
8,
9,
13,
14,
],
'project:custom/common/properties/scss/marker-end.scss':[
5,
6,
],
'project:custom/common/properties/scss/marker-mid.scss':[
5,
6,
],
'project:custom/common/properties/scss/marker-side.scss':[
5,
6,
],
'project:custom/common/properties/scss/marker-start.scss':[
5,
6,
],
'project:custom/common/properties/scss/mask-border-mode.scss':[
5,
6,
],
'project:custom/common/properties/scss/mask-border-outset.scss':[
3,
8,
9,
13,
15,
],
'project:custom/common/properties/scss/mask-border-repeat.scss':[
7,
8,
9,
13,
],
'project:custom/common/properties/scss/mask-border-source.scss':[
7,
8,
],
'project:custom/common/properties/scss/mask-border-width.scss':[
9,
13,
15,
],
'project:custom/common/properties/scss/mask-type.scss':[
5,
6,
7,
],
'project:custom/common/properties/scss/max-device-pixel-ratio.scss':[
7,
8,
],
'project:custom/common/properties/scss/max-height.scss':[
8,
9,
],
'project:custom/common/properties/scss/max-lines.scss':[
7,
8,
],
'project:custom/common/properties/scss/max-width.scss':[
8,
9,
],
'project:custom/common/properties/scss/max-zoom.scss':[
6,
7,
8,
9,
],
'project:custom/common/properties/scss/min-device-pixel-ratio.scss':[
7,
8,
],
'project:custom/common/properties/scss/min-height.scss':[
8,
9,
],
'project:custom/common/properties/scss/min-width.scss':[
8,
9,
],
'project:custom/common/properties/scss/min-zoom.scss':[
6,
7,
8,
9,
],
'project:custom/common/properties/scss/mix-blend-mode.scss':[
19,
20,
21,
],
'project:custom/common/properties/scss/nav-down.scss':[
9,
10,
11,
12,
13,
14,
],
'project:custom/common/properties/scss/nav-left.scss':[
9,
10,
11,
12,
13,
14,
],
'project:custom/common/properties/scss/nav-right.scss':[
9,
10,
11,
12,
13,
14,
],
'project:custom/common/properties/scss/nav-up.scss':[
9,
10,
11,
12,
13,
14,
],
'project:custom/common/properties/scss/object-fit.scss':[
8,
9,
10,
],
'project:custom/common/properties/scss/offset-after.scss':[
8,
9,
],
'project:custom/common/properties/scss/offset-before.scss':[
8,
9,
],
'project:custom/common/properties/scss/offset-end.scss':[
8,
9,
],
'project:custom/common/properties/scss/offset-start.scss':[
8,
9,
],
'project:custom/common/properties/scss/opacity.scss':[
7,
8,
9,
],
'project:custom/common/properties/scss/order.scss':[
5,
6,
7,
],
'project:custom/common/properties/scss/orientation.scss':[
6,
7,
],
'project:custom/common/properties/scss/orphans.scss':[
6,
7,
8,
],
'project:custom/common/properties/scss/outline-color.scss':[
5,
6,
],
'project:custom/common/properties/scss/outline-offset.scss':[
8,
9,
],
'project:custom/common/properties/scss/outline-style.scss':[
11,
12,
],
'project:custom/common/properties/scss/outline-width.scss':[
7,
8,
],
'project:custom/common/properties/scss/outline.scss':[
9,
10,
11,
],
'project:custom/common/properties/scss/overflow-style.scss':[
7,
8,
9,
],
'project:custom/common/properties/scss/overflow-wrap.scss':[
5,
6,
7,
],
'project:custom/common/properties/scss/overflow-x.scss':[
8,
9,
10,
11,
12,
],
'project:custom/common/properties/scss/overflow-y.scss':[
8,
9,
10,
11,
12,
],
'project:custom/common/properties/scss/overflow.scss':[
8,
9,
10,
11,
12,
],
'project:custom/common/properties/scss/padding-bottom.scss':[
4,
6,
7,
8,
],
'project:custom/common/properties/scss/padding-left.scss':[
4,
6,
7,
8,
],
'project:custom/common/properties/scss/padding-right.scss':[
4,
6,
7,
8,
],
'project:custom/common/properties/scss/padding-top.scss':[
4,
6,
7,
8,
],
'project:custom/common/properties/scss/padding.scss':[
4,
6,
7,
8,
12,
13,
],
'project:custom/common/properties/scss/page-break-after.scss':[
8,
9,
10,
],
'project:custom/common/properties/scss/page-break-before.scss':[
8,
9,
10,
],
'project:custom/common/properties/scss/page-break-inside.scss':[
5,
6,
7,
],
'project:custom/common/properties/scss/pause-after.scss':[
10,
11,
12,
13,
],
'project:custom/common/properties/scss/pause-before.scss':[
10,
11,
12,
13,
],
'project:custom/common/properties/scss/pause.scss':[
10,
11,
12,
13,
16,
17,
],
'project:custom/common/properties/scss/perspective.scss':[
5,
6,
7,
],
'project:custom/common/properties/scss/pointer-events.scss':[
16,
17,
],
'project:custom/common/properties/scss/position.scss':[
10,
11,
],
'project:custom/common/properties/scss/prefix.scss':[
10,
11,
],
'project:custom/common/properties/scss/quotes.scss':[
7,
8,
9,
10,
11,
],
'project:custom/common/properties/scss/region-fragment.scss':[
5,
6,
7,
],
'project:custom/common/properties/scss/resize.scss':[
7,
8,
],
'project:custom/common/properties/scss/rest-after.scss':[
10,
11,
12,
13,
],
'project:custom/common/properties/scss/rest-before.scss':[
10,
11,
12,
13,
],
'project:custom/common/properties/scss/rest.scss':[
10,
11,
12,
13,
16,
17,
],
'project:custom/common/properties/scss/right.scss':[
8,
9,
],
'project:custom/common/properties/scss/ruby-align.scss':[
7,
8,
9,
],
'project:custom/common/properties/scss/ruby-merge.scss':[
6,
7,
8,
],
'project:custom/common/properties/scss/ruby-position.scss':[
6,
7,
8,
],
'project:custom/common/properties/scss/scroll-behavior.scss':[
5,
6,
7,
8,
],
'project:custom/common/properties/scss/scroll-chaining.scss':[
5,
6,
7,
],
'project:custom/common/properties/scss/scroll-limit-x-max.scss':[
6,
7,
8,
],
'project:custom/common/properties/scss/scroll-limit-x-min.scss':[
5,
6,
7,
],
'project:custom/common/properties/scss/scroll-limit-y-max.scss':[
6,
7,
8,
],
'project:custom/common/properties/scss/scroll-limit-y-min.scss':[
5,
6,
7,
],
'project:custom/common/properties/scss/scroll-rails.scss':[
5,
6,
],
'project:custom/common/properties/scss/scroll-snap-points-x.scss':[
7,
8,
],
'project:custom/common/properties/scss/scroll-snap-points-y.scss':[
7,
8,
],
'project:custom/common/properties/scss/scroll-snap-type.scss':[
6,
7,
],
'project:custom/common/properties/scss/scroll-translation.scss':[
5,
6,
7,
],
'project:custom/common/properties/scss/shape-image-threshold.scss':[
8,
9,
10,
],
'project:custom/common/properties/scss/shape-margin.scss':[
5,
6,
],
'project:custom/common/properties/scss/shape-outside.scss':[
11,
12,
13,
14,
15,
16,
],
'project:custom/common/properties/scss/shape-rendering.scss':[
10,
11,
12,
],
'project:custom/common/properties/scss/speak.scss':[
5,
6,
7,
8,
9,
],
'project:custom/common/properties/scss/stop-color.scss':[
9,
10,
11,
],
'project:custom/common/properties/scss/stop-opacity.scss':[
7,
8,
9,
],
'project:custom/common/properties/scss/stroke-dashoffset.scss':[
7,
8,
],
'project:custom/common/properties/scss/stroke-linecap.scss':[
6,
7,
8,
9,
],
'project:custom/common/properties/scss/stroke-linejoin.scss':[
6,
7,
8,
9,
],
'project:custom/common/properties/scss/stroke-miterlimit.scss':[
6,
7,
8,
9,
10,
],
'project:custom/common/properties/scss/stroke-opacity.scss':[
7,
8,
9,
],
'project:custom/common/properties/scss/stroke-width.scss':[
5,
6,
7,
8,
],
'project:custom/common/properties/scss/suffix.scss':[
10,
11,
],
'project:custom/common/properties/scss/symbols.scss':[
10,
11,
],
'project:custom/common/properties/scss/tab-size.scss':[
7,
8,
9,
],
'project:custom/common/properties/scss/table-layout.scss':[
5,
6,
],
'project:custom/common/properties/scss/tansition-timing-function.scss':[
12,
13,
14,
15,
19,
],
'project:custom/common/properties/scss/text-align-all.scss':[
10,
11,
],
'project:custom/common/properties/scss/text-align-last.scss':[
10,
11,
],
'project:custom/common/properties/scss/text-align.scss':[
11,
12,
],
'project:custom/common/properties/scss/text-anchor.scss':[
6,
7,
],
'project:custom/common/properties/scss/text-combine-upright.scss':[
8,
9,
10,
11,
12,
],
'project:custom/common/properties/scss/text-decoration-color.scss':[
9,
10,
11,
],
'project:custom/common/properties/scss/text-decoration-line.scss':[
11,
12,
13,
14,
15,
16,
17,
],
'project:custom/common/properties/scss/text-decoration-skip.scss':[
12,
13,
14,
15,
16,
17,
],
'project:custom/common/properties/scss/text-decoration-style.scss':[
8,
9,
],
'project:custom/common/properties/scss/text-decoration.scss':[
8,
9,
],
'project:custom/common/properties/scss/text-emphasis-color.scss':[
9,
10,
11,
],
'project:custom/common/properties/scss/text-emphasis-position.scss':[
7,
8,
9,
10,
11,
12,
13,
],
'project:custom/common/properties/scss/text-height.scss':[
7,
8,
],
'project:custom/common/properties/scss/text-indent.scss':[
7,
8,
13,
14,
15,
16,
17,
18,
],
'project:custom/common/properties/scss/text-justify.scss':[
7,
8,
9,
],
'project:custom/common/properties/scss/text-orientation.scss':[
6,
7,
8,
],
'project:custom/common/properties/scss/text-overflow.scss':[
8,
9,
10,
11,
],
'project:custom/common/properties/scss/text-rendering.scss':[
7,
8,
9,
],
'project:custom/common/properties/scss/text-transform.scss':[
8,
9,
],
'project:custom/common/properties/scss/text-underline-position.scss':[
11,
12,
13,
14,
15,
16,
],
'project:custom/common/properties/scss/text-wrap.scss':[
8,
9,
10,
11,
],
'project:custom/common/properties/scss/top.scss':[
8,
9,
],
'project:custom/common/properties/scss/touch-action.scss':[
10,
11,
12,
13,
],
'project:custom/common/properties/scss/transform-box.scss':[
6,
7,
],
'project:custom/common/properties/scss/transform-style.scss':[
6,
7,
],
'project:custom/common/properties/scss/transform.scss':[
10,
],
'project:custom/common/properties/scss/transition-delay.scss':[
5,
7,
8,
9,
12,
13,
],
'project:custom/common/properties/scss/transition-duration.scss':[
5,
7,
8,
9,
12,
13,
],
'project:custom/common/properties/scss/unicode-bidi.scss':[
9,
10,
],
'project:custom/common/properties/scss/user-select.scss':[
7,
8,
9,
],
'project:custom/common/properties/scss/user-zoom.scss':[
5,
6,
],
'project:custom/common/properties/scss/vertical-align.scss':[
15,
16,
],
'project:custom/common/properties/scss/visibility.scss':[
6,
7,
],
'project:custom/common/properties/scss/voice-duration.scss':[
7,
8,
9,
10,
11,
],
'project:custom/common/properties/scss/voice-stress.scss':[
8,
9,
10,
11,
12,
],
'project:custom/common/properties/scss/white-space.scss':[
8,
9,
],
'project:custom/common/properties/scss/widows.scss':[
6,
7,
8,
],
'project:custom/common/properties/scss/width.scss':[
8,
9,
],
'project:custom/common/properties/scss/will-change.scss':[
9,
10,
],
'project:custom/common/properties/scss/word-break.scss':[
6,
7,
],
'project:custom/common/properties/scss/word-spacing.scss':[
8,
9,
],
'project:custom/common/properties/scss/wrap-after.scss':[
10,
11,
12,
13,
],
'project:custom/common/properties/scss/wrap-before.scss':[
10,
11,
12,
13,
],
'project:custom/common/properties/scss/wrap-margin.scss':[
6,
7,
],
'project:custom/common/properties/scss/writing-mode.scss':[
8,
9,
10,
11,
12,
13,
14,
],
'project:custom/common/properties/scss/z-index.scss':[
7,
8,
],
'project:custom/common/properties/scss/zoom.scss':[
6,
7,
8,
9,
],
'project:custom/common/property-regular-expression/propertyRegularExpression.scss':[
2,
4,
8,
],
'project:custom/common/quoted-generic-font-family-names/quotedGenericFontFamilyNames.scss':[
3,
4,
5,
6,
6,
11,
12,
13,
14,
14,
],
'project:custom/common/selectorNamingConvention/selectorNamingConventionScssPlaceholder.scss':[
6,
],
'project:custom/common/semicolon-declaration/semicolonDeclaration.scss':[
1,
5,
10,
17,
22,
28,
31,
42,
49,
61,
],
'project:custom/common/single-quotes/singleQuotes.scss':[
3,
7,
],
'project:custom/common/stylelint-disable/stylelintDisable.scss':[
1,
1,
6,
6,
11,
12,
20,
20,
25,
26,
34,
34,
37,
],
'project:custom/common/stylelint-enable/stylelintEnable.scss':[
1,
1,
6,
6,
11,
12,
20,
20,
25,
26,
34,
34,
37,
],
'project:custom/common/text-transform-uppercase/textTransformUppercase.scss':[
3,
4,
5,
6,
],
'project:custom/common/type-selector/typeSelector.scss':[
5,
13,
17,
],
'project:custom/common/unit-regular-expression/unitRegularExpression.scss':[
3,
4,
],
'project:custom/common/unknown-pseudo/unknownPseudo.scss':[
1,
10,
21,
],
'project:custom/common/unknown-type-selector/unknownTypeSelector.scss':[
9,
25,
42,
],
'project:custom/common/unknown-type-selector/unknownTypeSelectorCustom.scss':[
13,
17,
],
'project:custom/common/unquoted-font-family-names/unquotedFontFamilyNames.scss':[
6,
7,
7,
8,
10,
],
'project:custom/common/use-shorthand-properties/shorthand.scss':[
1,
24,
32,
40,
46,
54,
62,
62,
75,
83,
91,
99,
107,
115,
122,
129,
136,
143,
152,
163,
169,
175,
181,
188,
199,
206,
214,
226,
233,
240,
247,
254,
261,
270,
276,
276,
276,
284,
290,
296,
303,
303,
303,
315,
321,
327,
333,
339,
346,
354,
360,
369,
381,
389,
397,
403,
410,
416,
422,
],
'project:custom/common/validate-property-value/validateNestedProperties.scss':[
14,
],
'project:custom/common/validate-property-value/validatePropertyValue.scss':[
2,
3,
],
'project:custom/scss/atLeastTwoNestedProperties.scss':[
2,
8,
],
'project:custom/scss/branchSameImplementation.scss':[
3,
13,
],
'project:custom/scss/custom-function-naming-convention/customFunctionNamingConvention.scss':[
5,
],
'project:custom/scss/custom-function-naming-convention/customFunctionNamingConventionCustomFormat.scss':[
5,
],
'project:custom/scss/debug.scss':[
1,
2,
4,
11,
],
'project:custom/scss/deprecatedUnescapedString.scss':[
7,
],
'project:custom/scss/emptyControlFlowDirective.scss':[
21,
22,
23,
26,
29,
32,
36,
],
'project:custom/scss/emptyMixin.scss':[
5,
9,
],
'project:custom/scss/extend.scss':[
2,
],
'project:custom/scss/ifElseIfSameCondition.scss':[
23,
29,
33,
44,
],
'project:custom/scss/ifElseIfWithoutElse.scss':[
21,
29,
40,
],
'project:custom/scss/mixin-naming-convention/mixinNamingConvention.scss':[
5,
],
'project:custom/scss/mixin-naming-convention/mixinNamingConventionCustomFormat.scss':[
5,
],
'project:custom/scss/nested-control-flow-directives/nestedControlFlowDirectives.scss':[
12,
28,
31,
39,
42,
50,
53,
],
'project:custom/scss/nested-control-flow-directives/nestedControlFlowDirectivesCustomThreshold.scss':[
9,
],
'project:custom/scss/nested-rulesets/nestedRulesets.scss':[
1,
18,
31,
47,
53,
69,
],
'project:custom/scss/nested-rulesets/nestedRulesetsCustomThreshold.scss':[
1,
13,
],
'project:custom/scss/placeholder-selector-naming-convention/selectorNamingConvention.scss':[
1,
4,
],
'project:custom/scss/placeholder-selector-naming-convention/selectorNamingConventionCustomFormat.scss':[
1,
4,
],
'project:custom/scss/preferSingleLineComments.scss':[
2,
4,
5,
],
'project:custom/scss/sortDeclarationsAndDirectives.scss':[
13,
25,
35,
50,
57,
70,
],
'project:custom/scss/throughInsteadOfTo.scss':[
1,
],
'project:custom/scss/too-complex-condition/tooComplexConditionCustom.scss':[
5,
13,
],
'project:custom/scss/too-complex-condition/tooComplexConditionDefault.scss':[
5,
13,
],
'project:custom/scss/uselessParenthesesMixinNoParameter.scss':[
1,
2,
5,
8,
],
'project:custom/scss/variable-naming-convention/scssVariableNamingConvention.scss':[
3,
4,
],
'project:custom/scss/variable-naming-convention/scssVariableNamingConventionCustomFormat.scss':[
3,
4,
5,
],
}
