{
'project:custom/common/display-property-grouping/displayProperty.scss':[
4,
8,
15,
],
}
