{
'project:custom/common/duplicated-font-families/duplicatedFontFamilies.scss':[
4,
5,
7,
8,
12,
13,
14,
18,
19,
20,
],
'project:custom/common/experimental-atrule-usage/experimentalAtRuleUsage.scss':[
93,
],
'project:custom/common/font-family-not-ending-with-generic-font-family/fontFamilyNotEndingWithGenericFontFamily.scss':[
9,
10,
11,
12,
],
'project:custom/common/formatting/delimiterSeparatedList.scss':[
2,
],
'project:custom/common/properties/scss/font-family.scss':[
5,
6,
7,
8,
9,
10,
11,
12,
13,
14,
15,
16,
17,
18,
19,
21,
25,
26,
27,
29,
],
'project:custom/common/quoted-generic-font-family-names/quotedGenericFontFamilyNames.scss':[
3,
4,
5,
6,
],
'project:custom/common/unquoted-font-family-names/unquotedFontFamilyNames.scss':[
4,
5,
6,
7,
8,
],
'project:custom/common/use-shorthand-properties/shorthand.scss':[
160,
],
}
