{
'project:custom/common/alphabetize-declarations/alphabetizeDeclarations.scss':[
97,
103,
108,
113,
119,
125,
132,
138,
139,
145,
151,
152,
158,
159,
163,
164,
168,
169,
172,
173,
174,
],
'project:custom/common/duplicated-properties/duplicatedProperties.scss':[
73,
74,
75,
76,
],
'project:custom/common/experimental-atrule-usage/experimentalAtRuleUsage.scss':[
27,
30,
33,
36,
39,
42,
],
'project:custom/common/formatting/declaration.scss':[
62,
],
'project:custom/common/known-properties/knownProperties.scss':[
7,
26,
30,
40,
41,
],
'project:custom/common/use-shorthand-properties/shorthand.scss':[
69,
76,
84,
92,
100,
108,
116,
123,
130,
137,
144,
153,
164,
170,
176,
182,
189,
200,
207,
215,
227,
234,
241,
248,
255,
262,
271,
277,
285,
291,
297,
304,
316,
322,
328,
334,
340,
347,
355,
361,
370,
382,
390,
398,
404,
411,
417,
423,
],
'project:custom/common/validate-property-value/validateNestedProperties.scss':[
3,
9,
],
}
