{
'project:custom/common/class-selector-naming-convention/selectorNamingConvention.scss':[
10,
],
'project:custom/common/experimental-pseudo-usage/experimentalPseudoUsage.scss':[
1,
5,
],
'project:custom/common/id-selector-naming-convention/selectorNamingConvention.scss':[
1,
7,
10,
10,
13,
],
'project:custom/common/type-selector/typeSelector.scss':[
9,
17,
],
'project:custom/scss/placeholder-selector-naming-convention/selectorNamingConvention.scss':[
1,
4,
],
'project:custom/scss/placeholder-selector-naming-convention/selectorNamingConventionCustomFormat.scss':[
1,
4,
],
}
